Component: ARM Compiler 5.06 update 6 (build 750) Tool: armlink [4d35ed]

==============================================================================

Section Cross References

    startup_stm32f103xb.o(STACK) refers (Special) to heapauxi.o(.text) for __use_two_region_memory
    startup_stm32f103xb.o(HEAP) refers (Special) to heapauxi.o(.text) for __use_two_region_memory
    startup_stm32f103xb.o(RESET) refers (Special) to heapauxi.o(.text) for __use_two_region_memory
    startup_stm32f103xb.o(RESET) refers to startup_stm32f103xb.o(STACK) for __initial_sp
    startup_stm32f103xb.o(RESET) refers to startup_stm32f103xb.o(.text) for Reset_Handler
    startup_stm32f103xb.o(RESET) refers to interrupt.o(i.HardFault_Handler) for HardFault_Handler
    startup_stm32f103xb.o(RESET) refers to interrupt.o(i.SysTick_Handler) for SysTick_Handler
    startup_stm32f103xb.o(.text) refers (Special) to heapauxi.o(.text) for __use_two_region_memory
    startup_stm32f103xb.o(.text) refers to system_stm32f1xx.o(i.SystemInit) for SystemInit
    startup_stm32f103xb.o(.text) refers to __main.o(!!!main) for __main
    startup_stm32f103xb.o(.text) refers to startup_stm32f103xb.o(HEAP) for Heap_Mem
    startup_stm32f103xb.o(.text) refers to startup_stm32f103xb.o(STACK) for Stack_Mem
    system_stm32f1xx.o(i.SystemCoreClockUpdate) refers to system_stm32f1xx.o(.data) for SystemCoreClock
    system_stm32f1xx.o(i.SystemCoreClockUpdate) refers to system_stm32f1xx.o(.constdata) for AHBPrescTable
    stm32f1xx_hal.o(i.HAL_DeInit) refers to stm32f1xx_hal.o(i.HAL_MspDeInit) for HAL_MspDeInit
    stm32f1xx_hal.o(i.HAL_Delay) refers to stm32f1xx_hal.o(i.HAL_GetTick) for HAL_GetTick
    stm32f1xx_hal.o(i.HAL_Delay) refers to stm32f1xx_hal.o(.data) for uwTickFreq
    stm32f1xx_hal.o(i.HAL_GetTick) refers to stm32f1xx_hal.o(.data) for uwTick
    stm32f1xx_hal.o(i.HAL_GetTickFreq) refers to stm32f1xx_hal.o(.data) for uwTickFreq
    stm32f1xx_hal.o(i.HAL_GetTickPrio) refers to stm32f1xx_hal.o(.data) for uwTickPrio
    stm32f1xx_hal.o(i.HAL_IncTick) refers to stm32f1xx_hal.o(.data) for uwTick
    stm32f1xx_hal.o(i.HAL_Init) refers to stm32f1xx_hal_cortex.o(i.HAL_NVIC_SetPriorityGrouping) for HAL_NVIC_SetPriorityGrouping
    stm32f1xx_hal.o(i.HAL_Init) refers to stm32f1xx_hal.o(i.HAL_InitTick) for HAL_InitTick
    stm32f1xx_hal.o(i.HAL_Init) refers to stm32f1xx_hal.o(i.HAL_MspInit) for HAL_MspInit
    stm32f1xx_hal.o(i.HAL_InitTick) refers to stm32f1xx_hal_cortex.o(i.HAL_SYSTICK_Config) for HAL_SYSTICK_Config
    stm32f1xx_hal.o(i.HAL_InitTick) refers to stm32f1xx_hal_cortex.o(i.HAL_NVIC_SetPriority) for HAL_NVIC_SetPriority
    stm32f1xx_hal.o(i.HAL_InitTick) refers to stm32f1xx_hal.o(.data) for uwTickFreq
    stm32f1xx_hal.o(i.HAL_InitTick) refers to system_stm32f1xx.o(.data) for SystemCoreClock
    stm32f1xx_hal.o(i.HAL_SetTickFreq) refers to stm32f1xx_hal.o(i.HAL_InitTick) for HAL_InitTick
    stm32f1xx_hal.o(i.HAL_SetTickFreq) refers to stm32f1xx_hal.o(.data) for uwTickFreq
    stm32f1xx_hal_dma.o(i.HAL_DMA_PollForTransfer) refers to stm32f1xx_hal.o(i.HAL_GetTick) for HAL_GetTick
    stm32f1xx_hal_dma.o(i.HAL_DMA_Start) refers to stm32f1xx_hal_dma.o(i.DMA_SetConfig) for DMA_SetConfig
    stm32f1xx_hal_dma.o(i.HAL_DMA_Start_IT) refers to stm32f1xx_hal_dma.o(i.DMA_SetConfig) for DMA_SetConfig
    stm32f1xx_hal_gpio.o(i.HAL_GPIO_EXTI_IRQHandler) refers to stm32f1xx_hal_gpio.o(i.HAL_GPIO_EXTI_Callback) for HAL_GPIO_EXTI_Callback
    stm32f1xx_hal_i2c.o(i.HAL_I2C_DeInit) refers to stm32f1xx_hal_i2c.o(i.HAL_I2C_MspDeInit) for HAL_I2C_MspDeInit
    stm32f1xx_hal_i2c.o(i.HAL_I2C_ER_IRQHandler) refers to stm32f1xx_hal_i2c.o(i.I2C_Slave_AF) for I2C_Slave_AF
    stm32f1xx_hal_i2c.o(i.HAL_I2C_ER_IRQHandler) refers to stm32f1xx_hal_i2c.o(i.I2C_ITError) for I2C_ITError
    stm32f1xx_hal_i2c.o(i.HAL_I2C_EV_IRQHandler) refers to stm32f1xx_hal_i2c.o(i.I2C_Master_SB) for I2C_Master_SB
    stm32f1xx_hal_i2c.o(i.HAL_I2C_EV_IRQHandler) refers to stm32f1xx_hal_i2c.o(i.I2C_Master_ADD10) for I2C_Master_ADD10
    stm32f1xx_hal_i2c.o(i.HAL_I2C_EV_IRQHandler) refers to stm32f1xx_hal_i2c.o(i.I2C_Master_ADDR) for I2C_Master_ADDR
    stm32f1xx_hal_i2c.o(i.HAL_I2C_EV_IRQHandler) refers to stm32f1xx_hal_i2c.o(i.I2C_MasterTransmit_TXE) for I2C_MasterTransmit_TXE
    stm32f1xx_hal_i2c.o(i.HAL_I2C_EV_IRQHandler) refers to stm32f1xx_hal_i2c.o(i.I2C_MasterTransmit_BTF) for I2C_MasterTransmit_BTF
    stm32f1xx_hal_i2c.o(i.HAL_I2C_EV_IRQHandler) refers to stm32f1xx_hal_i2c.o(i.I2C_MasterReceive_RXNE) for I2C_MasterReceive_RXNE
    stm32f1xx_hal_i2c.o(i.HAL_I2C_EV_IRQHandler) refers to stm32f1xx_hal_i2c.o(i.I2C_MasterReceive_BTF) for I2C_MasterReceive_BTF
    stm32f1xx_hal_i2c.o(i.HAL_I2C_EV_IRQHandler) refers to stm32f1xx_hal_i2c.o(i.I2C_Slave_ADDR) for I2C_Slave_ADDR
    stm32f1xx_hal_i2c.o(i.HAL_I2C_EV_IRQHandler) refers to stm32f1xx_hal_i2c.o(i.I2C_Slave_STOPF) for I2C_Slave_STOPF
[...]
    .ARM.Collect$$libinit$$00000004          0x08000162   Section        0  libinit2.o(.ARM.Collect$$libinit$$00000004)
    .ARM.Collect$$libinit$$0000000A          0x08000162   Section        0  libinit2.o(.ARM.Collect$$libinit$$0000000A)
    .ARM.Collect$$libinit$$0000000C          0x08000162   Section        0  libinit2.o(.ARM.Collect$$libinit$$0000000C)
    .ARM.Collect$$libinit$$0000000E          0x08000162   Section        0  libinit2.o(.ARM.Collect$$libinit$$0000000E)
    .ARM.Collect$$libinit$$00000011          0x08000162   Section        0  libinit2.o(.ARM.Collect$$libinit$$00000011)
    .ARM.Collect$$libinit$$00000013          0x08000162   Section        0  libinit2.o(.ARM.Collect$$libinit$$00000013)
    .ARM.Collect$$libinit$$00000015          0x08000162   Section        0  libinit2.o(.ARM.Collect$$libinit$$00000015)
    .ARM.Collect$$libinit$$00000017          0x08000162   Section        0  libinit2.o(.ARM.Collect$$libinit$$00000017)
    .ARM.Collect$$libinit$$00000019          0x08000162   Section        0  libinit2.o(.ARM.Collect$$libinit$$00000019)
    .ARM.Collect$$libinit$$0000001B          0x08000162   Section        0  libinit2.o(.ARM.Collect$$libinit$$0000001B)
    .ARM.Collect$$libinit$$0000001D          0x08000162   Section        0  libinit2.o(.ARM.Collect$$libinit$$0000001D)
    .ARM.Collect$$libinit$$0000001F          0x08000162   Section        0  libinit2.o(.ARM.Collect$$libinit$$0000001F)
    .ARM.Collect$$libinit$$00000021          0x08000162   Section        0  libinit2.o(.ARM.Collect$$libinit$$00000021)
    .ARM.Collect$$libinit$$00000023          0x08000162   Section        0  libinit2.o(.ARM.Collect$$libinit$$00000023)
    .ARM.Collect$$libinit$$00000025          0x08000162   Section        0  libinit2.o(.ARM.Collect$$libinit$$00000025)
    .ARM.Collect$$libinit$$0000002C          0x08000162   Section        0  libinit2.o(.ARM.Collect$$libinit$$0000002C)
    .ARM.Collect$$libinit$$0000002E          0x08000162   Section        0  libinit2.o(.ARM.Collect$$libinit$$0000002E)
    .ARM.Collect$$libinit$$00000030          0x08000162   Section        0  libinit2.o(.ARM.Collect$$libinit$$00000030)
    .ARM.Collect$$libinit$$00000032          0x08000162   Section        0  libinit2.o(.ARM.Collect$$libinit$$00000032)
    .ARM.Collect$$libinit$$00000033          0x08000162   Section        2  libinit2.o(.ARM.Collect$$libinit$$00000033)
    .ARM.Collect$$libshutdown$$00000000      0x08000164   Section        2  libshutdown.o(.ARM.Collect$$libshutdown$$00000000)
    .ARM.Collect$$libshutdown$$00000002      0x08000166   Section        0  libshutdown2.o(.ARM.Collect$$libshutdown$$00000002)
    .ARM.Collect$$libshutdown$$00000004      0x08000166   Section        0  libshutdown2.o(.ARM.Collect$$libshutdown$$00000004)
    .ARM.Collect$$libshutdown$$00000007      0x08000166   Section        0  libshutdown2.o(.ARM.Collect$$libshutdown$$00000007)
    .ARM.Collect$$libshutdown$$0000000A      0x08000166   Section        0  libshutdown2.o(.ARM.Collect$$libshutdown$$0000000A)
    .ARM.Collect$$libshutdown$$0000000C      0x08000166   Section        0  libshutdown2.o(.ARM.Collect$$libshutdown$$0000000C)
    .ARM.Collect$$libshutdown$$0000000F      0x08000166   Section        0  libshutdown2.o(.ARM.Collect$$libshutdown$$0000000F)
    .ARM.Collect$$libshutdown$$00000010      0x08000166   Section        2  libshutdown2.o(.ARM.Collect$$libshutdown$$00000010)
    .ARM.Collect$$rtentry$$00000000          0x08000168   Section        0  __rtentry.o(.ARM.Collect$$rtentry$$00000000)
    .ARM.Collect$$rtentry$$00000002          0x08000168   Section        0  __rtentry2.o(.ARM.Collect$$rtentry$$00000002)
    .ARM.Collect$$rtentry$$00000004          0x08000168   Section        6  __rtentry4.o(.ARM.Collect$$rtentry$$00000004)
    .ARM.Collect$$rtentry$$00000009          0x0800016e   Section        0  __rtentry2.o(.ARM.Collect$$rtentry$$00000009)
    .ARM.Collect$$rtentry$$0000000A          0x0800016e   Section        4  __rtentry2.o(.ARM.Collect$$rtentry$$0000000A)
    .ARM.Collect$$rtentry$$0000000C          0x08000172   Section        0  __rtentry2.o(.ARM.Collect$$rtentry$$0000000C)
    .ARM.Collect$$rtentry$$0000000D          0x08000172   Section        8  __rtentry2.o(.ARM.Collect$$rtentry$$0000000D)
    .ARM.Collect$$rtexit$$00000000           0x0800017a   Section        2  rtexit.o(.ARM.Collect$$rtexit$$00000000)
    .ARM.Collect$$rtexit$$00000002           0x0800017c   Section        0  rtexit2.o(.ARM.Collect$$rtexit$$00000002)
    .ARM.Collect$$rtexit$$00000003           0x0800017c   Section        4  rtexit2.o(.ARM.Collect$$rtexit$$00000003)
    .ARM.Collect$$rtexit$$00000004           0x08000180   Section        6  rtexit2.o(.ARM.Collect$$rtexit$$00000004)
    .text                                    0x08000188   Section       64  startup_stm32f103xb.o(.text)
    .text                                    0x080001c8   Section      138  rt_memcpy_v6.o(.text)
    .text                                    0x08000252   Section      100  rt_memcpy_w.o(.text)
    .text                                    0x080002b6   Section       68  rt_memclr.o(.text)
    .text                                    0x080002fa   Section       78  rt_memclr_w.o(.text)
    .text                                    0x08000348   Section        0  heapauxi.o(.text)
    .text                                    0x0800034e   Section        0  _rserrno.o(.text)
    .text                                    0x08000364   Section        8  rt_errno_addr_intlibspace.o(.text)
    .text                                    0x0800036c   Section        8  libspace.o(.text)
    .text                                    0x08000374   Section       74  sys_stackheap_outer.o(.text)
    .text                                    0x080003be   Section        0  exit.o(.text)
    .text                                    0x080003d0   Section        0  sys_exit.o(.text)
    .text                                    0x080003dc   Section        2  use_no_semi.o(.text)
    .text                                    0x080003de   Section        0  indicate_semi.o(.text)
    i.Calculate_Angle                        0x080003e0   Section        0  my_math.o(i.Calculate_Angle)
    i.Calculate_Elapsed_Time                 0x080006e8   Section        0  my_math.o(i.Calculate_Elapsed_Time)
    i.Calculate_Error_Angle                  0x0800072c   Section        0  my_math.o(i.Calculate_Error_Angle)
    i.Calculate_PID                          0x080008e0   Section        0  my_math.o(i.Calculate_PID)
    i.Control                                0x08000a2c   Section        0  control.o(i.Control)
    i.Delay_ms                               0x08000ba0   Section        0  system.o(i.Delay_ms)
    i.Get_PID_Result                         0x08000bbc   Section        0  my_math.o(i.Get_PID_Result)
    i.HAL_GPIO_Init                          0x08000bd0   Section        0  stm32f1xx_hal_gpio.o(i.HAL_GPIO_Init)
    i.HAL_GPIO_TogglePin                     0x08000eec   Section        0  stm32f1xx_hal_gpio.o(i.HAL_GPIO_TogglePin)
    i.HAL_GPIO_WritePin                      0x08000ef4   Section        0  stm32f1xx_hal_gpio.o(i.HAL_GPIO_WritePin)
    i.HAL_GetTick                            0x08000f00   Section        0  stm32f1xx_hal.o(i.HAL_GetTick)
    i.HAL_I2C_Init                           0x08000f0c   Section        0  stm32f1xx_hal_i2c.o(i.HAL_I2C_Init)
    i.HAL_I2C_Master_Receive                 0x08001088   Section        0  stm32f1xx_hal_i2c.o(i.HAL_I2C_Master_Receive)
    i.HAL_I2C_Mem_Write                      0x080013c4   Section        0  stm32f1xx_hal_i2c.o(i.HAL_I2C_Mem_Write)
    i.HAL_I2C_MspInit                        0x0800154c   Section        0  i2c.o(i.HAL_I2C_MspInit)
    i.HAL_IncTick                            0x080015b8   Section        0  stm32f1xx_hal.o(i.HAL_IncTick)
    i.HAL_InitTick                           0x080015d0   Section        0  stm32f1xx_hal.o(i.HAL_InitTick)
    i.HAL_NVIC_SetPriority                   0x0800161c   Section        0  stm32f1xx_hal_cortex.o(i.HAL_NVIC_SetPriority)
    i.HAL_RCC_ClockConfig                    0x08001698   Section        0  stm32f1xx_hal_rcc.o(i.HAL_RCC_ClockConfig)
    i.HAL_RCC_GetHCLKFreq                    0x08001868   Section        0  stm32f1xx_hal_rcc.o(i.HAL_RCC_GetHCLKFreq)
    i.HAL_RCC_GetPCLK1Freq                   0x08001874   Section        0  stm32f1xx_hal_rcc.o(i.HAL_RCC_GetPCLK1Freq)
    i.HAL_RCC_GetSysClockFreq                0x08001894   Section        0  stm32f1xx_hal_rcc.o(i.HAL_RCC_GetSysClockFreq)
    i.HAL_RCC_OscConfig                      0x08001928   Section        0  stm32f1xx_hal_rcc.o(i.HAL_RCC_OscConfig)
    i.HAL_SPI_Init                           0x08001d68   Section        0  stm32f1xx_hal_spi_ex.o(i.HAL_SPI_Init)
    i.HAL_SPI_MspInit                        0x08001dfc   Section        0  spi.o(i.HAL_SPI_MspInit)
    i.HAL_SPI_Receive                        0x08001e60   Section        0  stm32f1xx_hal_spi.o(i.HAL_SPI_Receive)
    i.HAL_SPI_Transmit                       0x080020aa   Section        0  stm32f1xx_hal_spi.o(i.HAL_SPI_Transmit)
    i.HAL_SPI_TransmitReceive                0x0800228a   Section        0  stm32f1xx_hal_spi.o(i.HAL_SPI_TransmitReceive)
    i.HAL_SYSTICK_CLKSourceConfig            0x0800257e   Section        0  stm32f1xx_hal_cortex.o(i.HAL_SYSTICK_CLKSourceConfig)
    i.HAL_SYSTICK_Callback                   0x080025a6   Section        0  stm32f1xx_hal_cortex.o(i.HAL_SYSTICK_Callback)
    i.HAL_SYSTICK_Config                     0x080025a8   Section        0  stm32f1xx_hal_cortex.o(i.HAL_SYSTICK_Config)
    i.HAL_SYSTICK_IRQHandler                 0x080025dc   Section        0  stm32f1xx_hal_cortex.o(i.HAL_SYSTICK_IRQHandler)
    i.HAL_TIMEx_MasterConfigSynchronization  0x080025e4   Section        0  stm32f1xx_hal_tim_ex.o(i.HAL_TIMEx_MasterConfigSynchronization)
    i.HAL_TIM_MspPostInit                    0x08002648   Section        0  timer2.o(i.HAL_TIM_MspPostInit)
    i.HAL_TIM_PWM_ConfigChannel              0x08002690   Section        0  stm32f1xx_hal_tim.o(i.HAL_TIM_PWM_ConfigChannel)
    i.HAL_TIM_PWM_Init                       0x08002798   Section        0  stm32f1xx_hal_tim.o(i.HAL_TIM_PWM_Init)
    i.HAL_TIM_PWM_MspInit                    0x080027cc   Section        0  timer2.o(i.HAL_TIM_PWM_MspInit)
    i.HAL_TIM_PWM_Start                      0x080027f8   Section        0  stm32f1xx_hal_tim.o(i.HAL_TIM_PWM_Start)
    i.HardFault_Handler                      0x08002838   Section        0  interrupt.o(i.HardFault_Handler)
    i.I2C1_Init                              0x0800283c   Section        0  i2c.o(i.I2C1_Init)
    i.I2C1_Read_Without_Register             0x08002898   Section        0  i2c.o(i.I2C1_Read_Without_Register)
    i.I2C1_Write_With_Register               0x080028e0   Section        0  i2c.o(i.I2C1_Write_With_Register)
    i.I2C_IsAcknowledgeFailed                0x08002934   Section        0  stm32f1xx_hal_i2c.o(i.I2C_IsAcknowledgeFailed)
    I2C_IsAcknowledgeFailed                  0x08002935   Thumb Code    52  stm32f1xx_hal_i2c.o(i.I2C_IsAcknowledgeFailed)
    i.I2C_MasterRequestRead                  0x08002968   Section        0  stm32f1xx_hal_i2c.o(i.I2C_MasterRequestRead)
    I2C_MasterRequestRead                    0x08002969   Thumb Code   298  stm32f1xx_hal_i2c.o(i.I2C_MasterRequestRead)
    i.I2C_RequestMemoryWrite                 0x08002a98   Section        0  stm32f1xx_hal_i2c.o(i.I2C_RequestMemoryWrite)
    I2C_RequestMemoryWrite                   0x08002a99   Thumb Code   218  stm32f1xx_hal_i2c.o(i.I2C_RequestMemoryWrite)
    i.I2C_WaitOnBTFFlagUntilTimeout          0x08002b78   Section        0  stm32f1xx_hal_i2c.o(i.I2C_WaitOnBTFFlagUntilTimeout)
    I2C_WaitOnBTFFlagUntilTimeout            0x08002b79   Thumb Code    86  stm32f1xx_hal_i2c.o(i.I2C_WaitOnBTFFlagUntilTimeout)
    i.I2C_WaitOnFlagUntilTimeout             0x08002bce   Section        0  stm32f1xx_hal_i2c.o(i.I2C_WaitOnFlagUntilTimeout)
    I2C_WaitOnFlagUntilTimeout               0x08002bcf   Thumb Code   124  stm32f1xx_hal_i2c.o(i.I2C_WaitOnFlagUntilTimeout)
    i.I2C_WaitOnMasterAddressFlagUntilTimeout 0x08002c4a   Section        0  stm32f1xx_hal_i2c.o(i.I2C_WaitOnMasterAddressFlagUntilTimeout)
    I2C_WaitOnMasterAddressFlagUntilTimeout  0x08002c4b   Thumb Code   172  stm32f1xx_hal_i2c.o(i.I2C_WaitOnMasterAddressFlagUntilTimeout)
    i.I2C_WaitOnRXNEFlagUntilTimeout         0x08002cf6   Section        0  stm32f1xx_hal_i2c.o(i.I2C_WaitOnRXNEFlagUntilTimeout)
    I2C_WaitOnRXNEFlagUntilTimeout           0x08002cf7   Thumb Code   110  stm32f1xx_hal_i2c.o(i.I2C_WaitOnRXNEFlagUntilTimeout)
    i.I2C_WaitOnTXEFlagUntilTimeout          0x08002d64   Section        0  stm32f1xx_hal_i2c.o(i.I2C_WaitOnTXEFlagUntilTimeout)
    I2C_WaitOnTXEFlagUntilTimeout            0x08002d65   Thumb Code    86  stm32f1xx_hal_i2c.o(i.I2C_WaitOnTXEFlagUntilTimeout)
    i.LED_Flash                              0x08002dbc   Section        0  led_1.o(i.LED_Flash)
    i.LED_Init                               0x08002df8   Section        0  led_1.o(i.LED_Init)
    i.LED_Write                              0x08002e54   Section        0  led_1.o(i.LED_Write)
    i.MPU6050_Calculate_Offset               0x08002e6c   Section        0  mpu6050.o(i.MPU6050_Calculate_Offset)
    i.MPU6050_Get_Data                       0x08002f6c   Section        0  mpu6050.o(i.MPU6050_Get_Data)
    i.MPU6050_Get_Offset                     0x08002f88   Section        0  mpu6050.o(i.MPU6050_Get_Offset)
    i.MPU6050_Init                           0x08002f9c   Section        0  mpu6050.o(i.MPU6050_Init)
    i.MPU6050_Read_Data_Register             0x08002fdc   Section        0  mpu6050.o(i.MPU6050_Read_Data_Register)
    i.Motor_Set_Duty_Cycle                   0x0800306c   Section        0  motor.o(i.Motor_Set_Duty_Cycle)
    i.Motor_init                             0x080030e0   Section        0  motor.o(i.Motor_init)
    i.NRF24L01_Check_RX_Data                 0x080030e8   Section        0  nrf24l01.o(i.NRF24L01_Check_RX_Data)
    i.NRF24L01_Get_RX_Data                   0x08003110   Section        0  nrf24l01.o(i.NRF24L01_Get_RX_Data)
    i.NRF24L01_Init                          0x08003130   Section        0  nrf24l01.o(i.NRF24L01_Init)
    i.NRF24L01_Init_Pin                      0x08003170   Section        0  nrf24l01.o(i.NRF24L01_Init_Pin)
    i.NRF24L01_RX_Mode                       0x08003224   Section        0  nrf24l01.o(i.NRF24L01_RX_Mode)
    i.NRF24L01_Read_Register                 0x08003274   Section        0  nrf24l01.o(i.NRF24L01_Read_Register)
    i.NRF24L01_Receive_Data                  0x080032ac   Section        0  nrf24l01.o(i.NRF24L01_Receive_Data)
    i.NRF24L01_Write_Register                0x080032f4   Section        0  nrf24l01.o(i.NRF24L01_Write_Register)
    i.NVIC_GetPriorityGrouping               0x08003330   Section        0  stm32f1xx_hal_cortex.o(i.NVIC_GetPriorityGrouping)
    NVIC_GetPriorityGrouping                 0x08003331   Thumb Code    10  stm32f1xx_hal_cortex.o(i.NVIC_GetPriorityGrouping)
    i.NVIC_SetPriority                       0x08003340   Section        0  stm32f1xx_hal_cortex.o(i.NVIC_SetPriority)
    NVIC_SetPriority                         0x08003341   Thumb Code    32  stm32f1xx_hal_cortex.o(i.NVIC_SetPriority)
    i.RCC_Delay                              0x08003368   Section        0  stm32f1xx_hal_rcc.o(i.RCC_Delay)
    RCC_Delay                                0x08003369   Thumb Code    36  stm32f1xx_hal_rcc.o(i.RCC_Delay)
    i.SPI2_Init                              0x08003390   Section        0  spi.o(i.SPI2_Init)
    i.SPI2_Receive                           0x08003404   Section        0  spi.o(i.SPI2_Receive)
    i.SPI2_Transmit                          0x08003444   Section        0  spi.o(i.SPI2_Transmit)
    i.SPI_CheckFlag_BSY                      0x08003484   Section        0  stm32f1xx_hal_spi.o(i.SPI_CheckFlag_BSY)
    SPI_CheckFlag_BSY                        0x08003485   Thumb Code    40  stm32f1xx_hal_spi.o(i.SPI_CheckFlag_BSY)
    i.SPI_ISCRCErrorValid                    0x080034ac   Section        0  stm32f1xx_hal_spi_ex.o(i.SPI_ISCRCErrorValid)
    i.SPI_WaitFlagStateUntilTimeout          0x080034b2   Section        0  stm32f1xx_hal_spi.o(i.SPI_WaitFlagStateUntilTimeout)
    SPI_WaitFlagStateUntilTimeout            0x080034b3   Thumb Code   170  stm32f1xx_hal_spi.o(i.SPI_WaitFlagStateUntilTimeout)
    i.SysTick_Handler                        0x0800355c   Section        0  interrupt.o(i.SysTick_Handler)
    i.SystemInit                             0x08003568   Section        0  system_stm32f1xx.o(i.SystemInit)
    i.System_Clock_Config                    0x080035c0   Section        0  system.o(i.System_Clock_Config)
    i.TIMER2_Init                            0x08003658   Section        0  timer2.o(i.TIMER2_Init)
    i.TIMER2_Set_Duty_Cycle                  0x08003748   Section        0  timer2.o(i.TIMER2_Set_Duty_Cycle)
    i.TIM_Base_SetConfig                     0x08003760   Section        0  stm32f1xx_hal_tim.o(i.TIM_Base_SetConfig)
    i.TIM_CCxChannelCmd                      0x080037d4   Section        0  stm32f1xx_hal_tim.o(i.TIM_CCxChannelCmd)
    i.TIM_OC1_SetConfig                      0x080037f0   Section        0  stm32f1xx_hal_tim.o(i.TIM_OC1_SetConfig)
    TIM_OC1_SetConfig                        0x080037f1   Thumb Code    96  stm32f1xx_hal_tim.o(i.TIM_OC1_SetConfig)
    i.TIM_OC2_SetConfig                      0x08003854   Section        0  stm32f1xx_hal_tim.o(i.TIM_OC2_SetConfig)
    i.TIM_OC3_SetConfig                      0x080038c4   Section        0  stm32f1xx_hal_tim.o(i.TIM_OC3_SetConfig)
    TIM_OC3_SetConfig                        0x080038c5   Thumb Code   104  stm32f1xx_hal_tim.o(i.TIM_OC3_SetConfig)
    i.TIM_OC4_SetConfig                      0x08003930   Section        0  stm32f1xx_hal_tim.o(i.TIM_OC4_SetConfig)
    TIM_OC4_SetConfig                        0x08003931   Thumb Code    74  stm32f1xx_hal_tim.o(i.TIM_OC4_SetConfig)
    i._Error_Handler                         0x08003980   Section        0  system.o(i._Error_Handler)
    i.__ARM_fpclassify                       0x08003984   Section        0  fpclassify.o(i.__ARM_fpclassify)
    i.__kernel_poly                          0x080039ac   Section        0  poly.o(i.__kernel_poly)
    i.__mathlib_dbl_divzero                  0x08003a58   Section        0  dunder.o(i.__mathlib_dbl_divzero)
    i.__mathlib_dbl_infnan                   0x08003a68   Section        0  dunder.o(i.__mathlib_dbl_infnan)
    i.__mathlib_dbl_infnan2                  0x08003a6e   Section        0  dunder.o(i.__mathlib_dbl_infnan2)
    i.__mathlib_dbl_invalid                  0x08003a72   Section        0  dunder.o(i.__mathlib_dbl_invalid)
    i.__mathlib_dbl_overflow                 0x08003a7e   Section        0  dunder.o(i.__mathlib_dbl_overflow)
    i.__mathlib_dbl_underflow                0x08003a8c   Section        0  dunder.o(i.__mathlib_dbl_underflow)
    i.atan                                   0x08003a9c   Section        0  atan.o(i.atan)
    i.main                                   0x08003cbc   Section        0  main.o(i.main)
    i.pow                                    0x08003d10   Section        0  pow.o(i.pow)
    i.sqrt                                   0x080046e8   Section        0  sqrt.o(i.sqrt)
    x$fpl$d2f                                0x08004734   Section       98  d2f.o(x$fpl$d2f)
    x$fpl$dadd                               0x08004798   Section      336  daddsub_clz.o(x$fpl$dadd)
    _dadd1                                   0x080047a9   Thumb Code     0  daddsub_clz.o(x$fpl$dadd)
    x$fpl$dcheck1                            0x080048e8   Section       16  dcheck1.o(x$fpl$dcheck1)
    x$fpl$dcmpinf                            0x080048f8   Section       24  dcmpi.o(x$fpl$dcmpinf)
    x$fpl$ddiv                               0x08004910   Section      688  ddiv.o(x$fpl$ddiv)
    ddiv_entry                               0x08004917   Thumb Code     0  ddiv.o(x$fpl$ddiv)
    x$fpl$dfix                               0x08004bc0   Section       94  dfix.o(x$fpl$dfix)
    x$fpl$dflt                               0x08004c1e   Section       46  dflt_clz.o(x$fpl$dflt)
    x$fpl$dleqf                              0x08004c4c   Section      120  dleqf.o(x$fpl$dleqf)
    x$fpl$dmul                               0x08004cc4   Section      340  dmul.o(x$fpl$dmul)
    x$fpl$dnaninf                            0x08004e18   Section      156  dnaninf.o(x$fpl$dnaninf)
    x$fpl$dretinf                            0x08004eb4   Section       12  dretinf.o(x$fpl$dretinf)
    x$fpl$drleqf                             0x08004ec0   Section      108  drleqf.o(x$fpl$drleqf)
    x$fpl$drsb                               0x08004f2c   Section       22  daddsub_clz.o(x$fpl$drsb)
    x$fpl$dsqrt                              0x08004f44   Section      460  dsqrt_noumaal.o(x$fpl$dsqrt)
    x$fpl$dsub                               0x08005110   Section      468  daddsub_clz.o(x$fpl$dsub)
    _dsub1                                   0x08005121   Thumb Code     0  daddsub_clz.o(x$fpl$dsub)
    x$fpl$f2d                                0x080052e4   Section       86  f2d.o(x$fpl$f2d)
    x$fpl$fadd                               0x0800533c   Section      196  faddsub_clz.o(x$fpl$fadd)
    _fadd1                                   0x0800534b   Thumb Code     0  faddsub_clz.o(x$fpl$fadd)
    x$fpl$fcmpinf                            0x08005400   Section       24  fcmpi.o(x$fpl$fcmpinf)
    x$fpl$fdiv                               0x08005418   Section      388  fdiv.o(x$fpl$fdiv)
    _fdiv1                                   0x08005419   Thumb Code     0  fdiv.o(x$fpl$fdiv)
    x$fpl$ffltu                              0x0800559c   Section       38  fflt_clz.o(x$fpl$ffltu)
    x$fpl$fleqf                              0x080055c4   Section      104  fleqf.o(x$fpl$fleqf)
    x$fpl$fmul                               0x0800562c   Section      258  fmul.o(x$fpl$fmul)
    x$fpl$fnaninf                            0x0800572e   Section      140  fnaninf.o(x$fpl$fnaninf)
    x$fpl$fretinf                            0x080057ba   Section       10  fretinf.o(x$fpl$fretinf)
    x$fpl$frleqf                             0x080057c4   Section       98  frleqf.o(x$fpl$frleqf)
    x$fpl$fsub                               0x08005828   Section      234  faddsub_clz.o(x$fpl$fsub)
    _fsub1                                   0x08005837   Thumb Code     0  faddsub_clz.o(x$fpl$fsub)
    x$fpl$retnan                             0x08005912   Section      100  retnan.o(x$fpl$retnan)
    x$fpl$scalbn                             0x08005976   Section       92  scalbn.o(x$fpl$scalbn)
    x$fpl$trapveneer                         0x080059d2   Section       48  trapv.o(x$fpl$trapveneer)
    .constdata                               0x08005a02   Section       24  system_stm32f1xx.o(.constdata)
    x$fpl$usenofp                            0x08005a02   Section        0  usenofp.o(x$fpl$usenofp)
    .constdata                               0x08005a1a   Section       24  mpu6050.o(.constdata)
    .constdata                               0x08005a32   Section       22  nrf24l01.o(.constdata)
    .constdata                               0x08005a48   Section      152  atan.o(.constdata)
    atanhi                                   0x08005a48   Data          32  atan.o(.constdata)
    atanlo                                   0x08005a68   Data          32  atan.o(.constdata)
    aTodd                                    0x08005a88   Data          40  atan.o(.constdata)
    aTeven                                   0x08005ab0   Data          48  atan.o(.constdata)
    .constdata                               0x08005ae0   Section      136  pow.o(.constdata)
    bp                                       0x08005ae0   Data          16  pow.o(.constdata)
    dp_h                                     0x08005af0   Data          16  pow.o(.constdata)
    dp_l                                     0x08005b00   Data          16  pow.o(.constdata)
    L                                        0x08005b10   Data          48  pow.o(.constdata)
    P                                        0x08005b40   Data          40  pow.o(.constdata)
    .constdata                               0x08005b68   Section        8  qnan.o(.constdata)
    .data                                    0x20000000   Section        4  system_stm32f1xx.o(.data)
    .data                                    0x20000004   Section        9  stm32f1xx_hal.o(.data)
    .data                                    0x2000000d   Section        1  stm32f1xx_hal_spi_ex.o(.data)
    .data                                    0x20000010   Section        8  mpu6050.o(.data)
    .data                                    0x20000018   Section       44  my_math.o(.data)
    roll_angle_error_previous                0x2000003c   Data           4  my_math.o(.data)
    pitch_angle_error_previous               0x20000040   Data           4  my_math.o(.data)
    .bss                                     0x20000044   Section       84  i2c.o(.bss)
    .bss                                     0x20000098   Section       88  spi.o(.bss)
    .bss                                     0x200000f0   Section       64  timer2.o(.bss)
    .bss                                     0x20000130   Section       24  mpu6050.o(.bss)
    .bss                                     0x20000148   Section       32  nrf24l01.o(.bss)
    .bss                                     0x20000168   Section       20  my_math.o(.bss)
    .bss                                     0x2000017c   Section       48  control.o(.bss)
    .bss                                     0x200001ac   Section       96  libspace.o(.bss)
    HEAP                                     0x20000210   Section      512  startup_stm32f103xb.o(HEAP)
    Heap_Mem                                 0x20000210   Data         512  startup_stm32f103xb.o(HEAP)
    STACK                                    0x20000410   Section     1024  startup_stm32f103xb.o(STACK)
    Stack_Mem                                0x20000410   Data        1024  startup_stm32f103xb.o(STACK)
    __initial_sp                             0x20000810   Data           0  startup_stm32f103xb.o(STACK)

    Global Symbols

    Symbol Name                              Value     Ov Type        Size  Object(Section)

    BuildAttributes$$THM_ISAv4$P$D$K$B$S$PE$A:L22UL41UL21$X:L11$S22US41US21$IEEE1$IW$USESV6$~STKCKD$USESV7$~SHL$OTIME$ROPI$IEEEX$EBA8$UX$STANDARDLIB$REQ8$PRES8$EABIv2 0x00000000   Number         0  anon$$obj.o ABSOLUTE
    __ARM_use_no_argv                        0x00000000   Number         0  main.o ABSOLUTE
    __ARM_exceptions_init                     - Undefined Weak Reference
    __alloca_initialize                       - Undefined Weak Reference
    __arm_preinit_                            - Undefined Weak Reference
    __cpp_initialize__aeabi_                  - Undefined Weak Reference
    __cxa_finalize                            - Undefined Weak Reference
    __rt_locale                               - Undefined Weak Reference
    __sigvec_lookup                           - Undefined Weak Reference
    _atexit_init                              - Undefined Weak Reference
    _call_atexit_fns                          - Undefined Weak Reference
    _clock_init                               - Undefined Weak Reference
    _fp_trap_init                             - Undefined Weak Reference
    _fp_trap_shutdown                         - Undefined Weak Reference
    _get_lc_collate                           - Undefined Weak Reference
    _get_lc_ctype                             - Undefined Weak Reference
    _get_lc_monetary                          - Undefined Weak Reference
    _get_lc_numeric                           - Undefined Weak Reference
    _get_lc_time                              - Undefined Weak Reference
    _getenv_init                              - Undefined Weak Reference
    _handle_redirection                       - Undefined Weak Reference
    _init_alloc                               - Undefined Weak Reference
    _init_user_alloc                          - Undefined Weak Reference
    _initio                                   - Undefined Weak Reference
    _rand_init                                - Undefined Weak Reference
    _signal_finish                            - Undefined Weak Reference
    _signal_init                              - Undefined Weak Reference
    _terminate_alloc                          - Undefined Weak Reference
    _terminate_user_alloc                     - Undefined Weak Reference
    _terminateio                              - Undefined Weak Reference
    __Vectors_Size                           0x000000ec   Number         0  startup_stm32f103xb.o ABSOLUTE
    __Vectors                                0x08000000   Data           4  startup_stm32f103xb.o(RESET)
    __Vectors_End                            0x080000ec   Data           0  startup_stm32f103xb.o(RESET)
    __main                                   0x080000ed   Thumb Code     8  __main.o(!!!main)
    __scatterload                            0x080000f5   Thumb Code     0  __scatter.o(!!!scatter)
    __scatterload_rt2                        0x080000f5   Thumb Code    44  __scatter.o(!!!scatter)
    __scatterload_rt2_thumb_only             0x080000f5   Thumb Code     0  __scatter.o(!!!scatter)
    __scatterload_null                       0x08000103   Thumb Code     0  __scatter.o(!!!scatter)
    __scatterload_copy                       0x08000129   Thumb Code    26  __scatter_copy.o(!!handler_copy)
    __scatterload_zeroinit                   0x08000145   Thumb Code    28  __scatter_zi.o(!!handler_zi)
    __rt_lib_init                            0x08000161   Thumb Code     0  libinit.o(.ARM.Collect$$libinit$$00000000)
    __rt_lib_init_alloca_1                   0x08000163   Thumb Code     0  libinit2.o(.ARM.Collect$$libinit$$0000002E)
    __rt_lib_init_argv_1                     0x08000163   Thumb Code     0  libinit2.o(.ARM.Collect$$libinit$$0000002C)
    __rt_lib_init_atexit_1                   0x08000163   Thumb Code     0  libinit2.o(.ARM.Collect$$libinit$$0000001B)
    __rt_lib_init_clock_1                    0x08000163   Thumb Code     0  libinit2.o(.ARM.Collect$$libinit$$00000021)
    __rt_lib_init_cpp_1                      0x08000163   Thumb Code     0  libinit2.o(.ARM.Collect$$libinit$$00000032)
    __rt_lib_init_exceptions_1               0x08000163   Thumb Code     0  libinit2.o(.ARM.Collect$$libinit$$00000030)
    __rt_lib_init_fp_1                       0x08000163   Thumb Code     0  libinit2.o(.ARM.Collect$$libinit$$00000002)
    __rt_lib_init_fp_trap_1                  0x08000163   Thumb Code     0  libinit2.o(.ARM.Collect$$libinit$$0000001F)
    __rt_lib_init_getenv_1                   0x08000163   Thumb Code     0  libinit2.o(.ARM.Collect$$libinit$$00000023)
    __rt_lib_init_heap_1                     0x08000163   Thumb Code     0  libinit2.o(.ARM.Collect$$libinit$$0000000A)
    __rt_lib_init_lc_collate_1               0x08000163   Thumb Code     0  libinit2.o(.ARM.Collect$$libinit$$00000011)
    __rt_lib_init_lc_ctype_1                 0x08000163   Thumb Code     0  libinit2.o(.ARM.Collect$$libinit$$00000013)
    __rt_lib_init_lc_monetary_1              0x08000163   Thumb Code     0  libinit2.o(.ARM.Collect$$libinit$$00000015)
    __rt_lib_init_lc_numeric_1               0x08000163   Thumb Code     0  libinit2.o(.ARM.Collect$$libinit$$00000017)
    __rt_lib_init_lc_time_1                  0x08000163   Thumb Code     0  libinit2.o(.ARM.Collect$$libinit$$00000019)
    __rt_lib_init_preinit_1                  0x08000163   Thumb Code     0  libinit2.o(.ARM.Collect$$libinit$$00000004)
    __rt_lib_init_rand_1                     0x08000163   Thumb Code     0  libinit2.o(.ARM.Collect$$libinit$$0000000E)
    __rt_lib_init_return                     0x08000163   Thumb Code     0  libinit2.o(.ARM.Collect$$libinit$$00000033)
    __rt_lib_init_signal_1                   0x08000163   Thumb Code     0  libinit2.o(.ARM.Collect$$libinit$$0000001D)
    __rt_lib_init_stdio_1                    0x08000163   Thumb Code     0  libinit2.o(.ARM.Collect$$libinit$$00000025)
    __rt_lib_init_user_alloc_1               0x08000163   Thumb Code     0  libinit2.o(.ARM.Collect$$libinit$$0000000C)
    __rt_lib_shutdown                        0x08000165   Thumb Code     0  libshutdown.o(.ARM.Collect$$libshutdown$$00000000)
    __rt_lib_shutdown_cpp_1                  0x08000167   Thumb Code     0  libshutdown2.o(.ARM.Collect$$libshutdown$$00000002)
    __rt_lib_shutdown_fp_trap_1              0x08000167   Thumb Code     0  libshutdown2.o(.ARM.Collect$$libshutdown$$00000007)
    __rt_lib_shutdown_heap_1                 0x08000167   Thumb Code     0  libshutdown2.o(.ARM.Collect$$libshutdown$$0000000F)
    __rt_lib_shutdown_return                 0x08000167   Thumb Code     0  libshutdown2.o(.ARM.Collect$$libshutdown$$00000010)
    __rt_lib_shutdown_signal_1               0x08000167   Thumb Code     0  libshutdown2.o(.ARM.Collect$$libshutdown$$0000000A)
    __rt_lib_shutdown_stdio_1                0x08000167   Thumb Code     0  libshutdown2.o(.ARM.Collect$$libshutdown$$00000004)
    __rt_lib_shutdown_user_alloc_1           0x08000167   Thumb Code     0  libshutdown2.o(.ARM.Collect$$libshutdown$$0000000C)
    __rt_entry                               0x08000169   Thumb Code     0  __rtentry.o(.ARM.Collect$$rtentry$$00000000)
    __rt_entry_presh_1                       0x08000169   Thumb Code     0  __rtentry2.o(.ARM.Collect$$rtentry$$00000002)
    __rt_entry_sh                            0x08000169   Thumb Code     0  __rtentry4.o(.ARM.Collect$$rtentry$$00000004)
    __rt_entry_li                            0x0800016f   Thumb Code     0  __rtentry2.o(.ARM.Collect$$rtentry$$0000000A)
    __rt_entry_postsh_1                      0x0800016f   Thumb Code     0  __rtentry2.o(.ARM.Collect$$rtentry$$00000009)
    __rt_entry_main                          0x08000173   Thumb Code     0  __rtentry2.o(.ARM.Collect$$rtentry$$0000000D)
    __rt_entry_postli_1                      0x08000173   Thumb Code     0  __rtentry2.o(.ARM.Collect$$rtentry$$0000000C)
    __rt_exit                                0x0800017b   Thumb Code     0  rtexit.o(.ARM.Collect$$rtexit$$00000000)
    __rt_exit_ls                             0x0800017d   Thumb Code     0  rtexit2.o(.ARM.Collect$$rtexit$$00000003)
    __rt_exit_prels_1                        0x0800017d   Thumb Code     0  rtexit2.o(.ARM.Collect$$rtexit$$00000002)
    __rt_exit_exit                           0x08000181   Thumb Code     0  rtexit2.o(.ARM.Collect$$rtexit$$00000004)
    Reset_Handler                            0x08000189   Thumb Code     8  startup_stm32f103xb.o(.text)
    NMI_Handler                              0x08000191   Thumb Code     2  startup_stm32f103xb.o(.text)
    MemManage_Handler                        0x08000195   Thumb Code     2  startup_stm32f103xb.o(.text)
    BusFault_Handler                         0x08000197   Thumb Code     2  startup_stm32f103xb.o(.text)
    UsageFault_Handler                       0x08000199   Thumb Code     2  startup_stm32f103xb.o(.text)
    SVC_Handler                              0x0800019b   Thumb Code     2  startup_stm32f103xb.o(.text)
    DebugMon_Handler                         0x0800019d   Thumb Code     2  startup_stm32f103xb.o(.text)
    PendSV_Handler                           0x0800019f   Thumb Code     2  startup_stm32f103xb.o(.text)
    ADC1_2_IRQHandler                        0x080001a3   Thumb Code     0  startup_stm32f103xb.o(.text)
    CAN1_RX1_IRQHandler                      0x080001a3   Thumb Code     0  startup_stm32f103xb.o(.text)
    CAN1_SCE_IRQHandler                      0x080001a3   Thumb Code     0  startup_stm32f103xb.o(.text)
    DMA1_Channel1_IRQHandler                 0x080001a3   Thumb Code     0  startup_stm32f103xb.o(.text)
    DMA1_Channel2_IRQHandler                 0x080001a3   Thumb Code     0  startup_stm32f103xb.o(.text)
    DMA1_Channel3_IRQHandler                 0x080001a3   Thumb Code     0  startup_stm32f103xb.o(.text)
    DMA1_Channel4_IRQHandler                 0x080001a3   Thumb Code     0  startup_stm32f103xb.o(.text)
    DMA1_Channel5_IRQHandler                 0x080001a3   Thumb Code     0  startup_stm32f103xb.o(.text)
    DMA1_Channel6_IRQHandler                 0x080001a3   Thumb Code     0  startup_stm32f103xb.o(.text)
    DMA1_Channel7_IRQHandler                 0x080001a3   Thumb Code     0  startup_stm32f103xb.o(.text)
    EXTI0_IRQHandler                         0x080001a3   Thumb Code     0  startup_stm32f103xb.o(.text)
    EXTI15_10_IRQHandler                     0x080001a3   Thumb Code     0  startup_stm32f103xb.o(.text)
    EXTI1_IRQHandler                         0x080001a3   Thumb Code     0  startup_stm32f103xb.o(.text)
    EXTI2_IRQHandler                         0x080001a3   Thumb Code     0  startup_stm32f103xb.o(.text)
    EXTI3_IRQHandler                         0x080001a3   Thumb Code     0  startup_stm32f103xb.o(.text)
    EXTI4_IRQHandler                         0x080001a3   Thumb Code     0  startup_stm32f103xb.o(.text)
    EXTI9_5_IRQHandler                       0x080001a3   Thumb Code     0  startup_stm32f103xb.o(.text)
    FLASH_IRQHandler                         0x080001a3   Thumb Code     0  startup_stm32f103xb.o(.text)
    I2C1_ER_IRQHandler                       0x080001a3   Thumb Code     0  startup_stm32f103xb.o(.text)
    I2C1_EV_IRQHandler                       0x080001a3   Thumb Code     0  startup_stm32f103xb.o(.text)
    I2C2_ER_IRQHandler                       0x080001a3   Thumb Code     0  startup_stm32f103xb.o(.text)
    I2C2_EV_IRQHandler                       0x080001a3   Thumb Code     0  startup_stm32f103xb.o(.text)
    PVD_IRQHandler                           0x080001a3   Thumb Code     0  startup_stm32f103xb.o(.text)
    RCC_IRQHandler                           0x080001a3   Thumb Code     0  startup_stm32f103xb.o(.text)
    RTC_Alarm_IRQHandler                     0x080001a3   Thumb Code     0  startup_stm32f103xb.o(.text)
    RTC_IRQHandler                           0x080001a3   Thumb Code     0  startup_stm32f103xb.o(.text)
    SPI1_IRQHandler                          0x080001a3   Thumb Code     0  startup_stm32f103xb.o(.text)
    SPI2_IRQHandler                          0x080001a3   Thumb Code     0  startup_stm32f103xb.o(.text)
    TAMPER_IRQHandler                        0x080001a3   Thumb Code     0  startup_stm32f103xb.o(.text)
    TIM1_BRK_IRQHandler                      0x080001a3   Thumb Code     0  startup_stm32f103xb.o(.text)
    TIM1_CC_IRQHandler                       0x080001a3   Thumb Code     0  startup_stm32f103xb.o(.text)
    TIM1_TRG_COM_IRQHandler                  0x080001a3   Thumb Code     0  startup_stm32f103xb.o(.text)
    TIM1_UP_IRQHandler                       0x080001a3   Thumb Code     0  startup_stm32f103xb.o(.text)
    TIM2_IRQHandler                          0x080001a3   Thumb Code     0  startup_stm32f103xb.o(.text)
    TIM3_IRQHandler                          0x080001a3   Thumb Code     0  startup_stm32f103xb.o(.text)
    TIM4_IRQHandler                          0x080001a3   Thumb Code     0  startup_stm32f103xb.o(.text)
    USART1_IRQHandler                        0x080001a3   Thumb Code     0  startup_stm32f103xb.o(.text)
    USART2_IRQHandler                        0x080001a3   Thumb Code     0  startup_stm32f103xb.o(.text)
    USART3_IRQHandler                        0x080001a3   Thumb Code     0  startup_stm32f103xb.o(.text)
    USBWakeUp_IRQHandler                     0x080001a3   Thumb Code     0  startup_stm32f103xb.o(.text)
    USB_HP_CAN1_TX_IRQHandler                0x080001a3   Thumb Code     0  startup_stm32f103xb.o(.text)
    USB_LP_CAN1_RX0_IRQHandler               0x080001a3   Thumb Code     0  startup_stm32f103xb.o(.text)
    WWDG_IRQHandler                          0x080001a3   Thumb Code     0  startup_stm32f103xb.o(.text)
    __user_initial_stackheap                 0x080001a5   Thumb Code     0  startup_stm32f103xb.o(.text)
    __aeabi_memcpy                           0x080001c9   Thumb Code     0  rt_memcpy_v6.o(.text)
    __rt_memcpy                              0x080001c9   Thumb Code   138  rt_memcpy_v6.o(.text)
    _memcpy_lastbytes                        0x0800022f   Thumb Code     0  rt_memcpy_v6.o(.text)
    __aeabi_memcpy4                          0x08000253   Thumb Code     0  rt_memcpy_w.o(.text)
    __aeabi_memcpy8                          0x08000253   Thumb Code     0  rt_memcpy_w.o(.text)
    __rt_memcpy_w                            0x08000253   Thumb Code   100  rt_memcpy_w.o(.text)
    _memcpy_lastbytes_aligned                0x0800029b   Thumb Code     0  rt_memcpy_w.o(.text)
    __aeabi_memclr                           0x080002b7   Thumb Code     0  rt_memclr.o(.text)
    __rt_memclr                              0x080002b7   Thumb Code    68  rt_memclr.o(.text)
    _memset                                  0x080002bb   Thumb Code     0  rt_memclr.o(.text)
    __aeabi_memclr4                          0x080002fb   Thumb Code     0  rt_memclr_w.o(.text)
    __aeabi_memclr8                          0x080002fb   Thumb Code     0  rt_memclr_w.o(.text)
    __rt_memclr_w                            0x080002fb   Thumb Code    78  rt_memclr_w.o(.text)
    _memset_w                                0x080002ff   Thumb Code     0  rt_memclr_w.o(.text)
    __use_two_region_memory                  0x08000349   Thumb Code     2  heapauxi.o(.text)
    __rt_heap_escrow$2region                 0x0800034b   Thumb Code     2  heapauxi.o(.text)
    __rt_heap_expand$2region                 0x0800034d   Thumb Code     2  heapauxi.o(.text)
    __read_errno                             0x0800034f   Thumb Code    10  _rserrno.o(.text)
    __set_errno                              0x08000359   Thumb Code    12  _rserrno.o(.text)
    __aeabi_errno_addr                       0x08000365   Thumb Code     8  rt_errno_addr_intlibspace.o(.text)
    __errno$intlibspace                      0x08000365   Thumb Code     0  rt_errno_addr_intlibspace.o(.text)
    __rt_errno_addr$intlibspace              0x08000365   Thumb Code     0  rt_errno_addr_intlibspace.o(.text)
    __user_libspace                          0x0800036d   Thumb Code     8  libspace.o(.text)
    __user_perproc_libspace                  0x0800036d   Thumb Code     0  libspace.o(.text)
    __user_perthread_libspace                0x0800036d   Thumb Code     0  libspace.o(.text)
    __user_setup_stackheap                   0x08000375   Thumb Code    74  sys_stackheap_outer.o(.text)
    exit                                     0x080003bf   Thumb Code    18  exit.o(.text)
    _sys_exit                                0x080003d1   Thumb Code     8  sys_exit.o(.text)
    __I$use$semihosting                      0x080003dd   Thumb Code     0  use_no_semi.o(.text)
    __use_no_semihosting_swi                 0x080003dd   Thumb Code     2  use_no_semi.o(.text)
    __semihosting_library_function           0x080003df   Thumb Code     0  indicate_semi.o(.text)
    Calculate_Angle                          0x080003e1   Thumb Code   728  my_math.o(i.Calculate_Angle)
    Calculate_Elapsed_Time                   0x080006e9   Thumb Code    50  my_math.o(i.Calculate_Elapsed_Time)
    Calculate_Error_Angle                    0x0800072d   Thumb Code   400  my_math.o(i.Calculate_Error_Angle)
    Calculate_PID                            0x080008e1   Thumb Code   282  my_math.o(i.Calculate_PID)
    Control                                  0x08000a2d   Thumb Code   358  control.o(i.Control)
    Delay_ms                                 0x08000ba1   Thumb Code    28  system.o(i.Delay_ms)
    Get_PID_Result                           0x08000bbd   Thumb Code    16  my_math.o(i.Get_PID_Result)
    HAL_GPIO_Init                            0x08000bd1   Thumb Code   764  stm32f1xx_hal_gpio.o(i.HAL_GPIO_Init)
    HAL_GPIO_TogglePin                       0x08000eed   Thumb Code     8  stm32f1xx_hal_gpio.o(i.HAL_GPIO_TogglePin)
    HAL_GPIO_WritePin                        0x08000ef5   Thumb Code    12  stm32f1xx_hal_gpio.o(i.HAL_GPIO_WritePin)
    HAL_GetTick                              0x08000f01   Thumb Code     6  stm32f1xx_hal.o(i.HAL_GetTick)
    HAL_I2C_Init                             0x08000f0d   Thumb Code   362  stm32f1xx_hal_i2c.o(i.HAL_I2C_Init)
    HAL_I2C_Master_Receive                   0x08001089   Thumb Code   814  stm32f1xx_hal_i2c.o(i.HAL_I2C_Master_Receive)
    HAL_I2C_Mem_Write                        0x080013c5   Thumb Code   384  stm32f1xx_hal_i2c.o(i.HAL_I2C_Mem_Write)
    HAL_I2C_MspInit                          0x0800154d   Thumb Code    94  i2c.o(i.HAL_I2C_MspInit)
    HAL_IncTick                              0x080015b9   Thumb Code    16  stm32f1xx_hal.o(i.HAL_IncTick)
    HAL_InitTick                             0x080015d1   Thumb Code    64  stm32f1xx_hal.o(i.HAL_InitTick)
    HAL_NVIC_SetPriority                     0x0800161d   Thumb Code   124  stm32f1xx_hal_cortex.o(i.HAL_NVIC_SetPriority)
    HAL_RCC_ClockConfig                      0x08001699   Thumb Code   446  stm32f1xx_hal_rcc.o(i.HAL_RCC_ClockConfig)
    HAL_RCC_GetHCLKFreq                      0x08001869   Thumb Code     6  stm32f1xx_hal_rcc.o(i.HAL_RCC_GetHCLKFreq)
    HAL_RCC_GetPCLK1Freq                     0x08001875   Thumb Code    22  stm32f1xx_hal_rcc.o(i.HAL_RCC_GetPCLK1Freq)
    HAL_RCC_GetSysClockFreq                  0x08001895   Thumb Code   116  stm32f1xx_hal_rcc.o(i.HAL_RCC_GetSysClockFreq)
    HAL_RCC_OscConfig                        0x08001929   Thumb Code  1078  stm32f1xx_hal_rcc.o(i.HAL_RCC_OscConfig)
    HAL_SPI_Init                             0x08001d69   Thumb Code   144  stm32f1xx_hal_spi_ex.o(i.HAL_SPI_Init)
    HAL_SPI_MspInit                          0x08001dfd   Thumb Code    88  spi.o(i.HAL_SPI_MspInit)
    HAL_SPI_Receive                          0x08001e61   Thumb Code   586  stm32f1xx_hal_spi.o(i.HAL_SPI_Receive)
    HAL_SPI_Transmit                         0x080020ab   Thumb Code   480  stm32f1xx_hal_spi.o(i.HAL_SPI_Transmit)
    HAL_SPI_TransmitReceive                  0x0800228b   Thumb Code   756  stm32f1xx_hal_spi.o(i.HAL_SPI_TransmitReceive)
    HAL_SYSTICK_CLKSourceConfig              0x0800257f   Thumb Code    40  stm32f1xx_hal_cortex.o(i.HAL_SYSTICK_CLKSourceConfig)
    HAL_SYSTICK_Callback                     0x080025a7   Thumb Code     2  stm32f1xx_hal_cortex.o(i.HAL_SYSTICK_Callback)
    HAL_SYSTICK_Config                       0x080025a9   Thumb Code    52  stm32f1xx_hal_cortex.o(i.HAL_SYSTICK_Config)
    HAL_SYSTICK_IRQHandler                   0x080025dd   Thumb Code     8  stm32f1xx_hal_cortex.o(i.HAL_SYSTICK_IRQHandler)
    HAL_TIMEx_MasterConfigSynchronization    0x080025e5   Thumb Code    98  stm32f1xx_hal_tim_ex.o(i.HAL_TIMEx_MasterConfigSynchronization)
    HAL_TIM_MspPostInit                      0x08002649   Thumb Code    64  timer2.o(i.HAL_TIM_MspPostInit)
    HAL_TIM_PWM_ConfigChannel                0x08002691   Thumb Code   264  stm32f1xx_hal_tim.o(i.HAL_TIM_PWM_ConfigChannel)
    HAL_TIM_PWM_Init                         0x08002799   Thumb Code    52  stm32f1xx_hal_tim.o(i.HAL_TIM_PWM_Init)
    HAL_TIM_PWM_MspInit                      0x080027cd   Thumb Code    40  timer2.o(i.HAL_TIM_PWM_MspInit)
    HAL_TIM_PWM_Start                        0x080027f9   Thumb Code    60  stm32f1xx_hal_tim.o(i.HAL_TIM_PWM_Start)
    HardFault_Handler                        0x08002839   Thumb Code     4  interrupt.o(i.HardFault_Handler)
    I2C1_Init                                0x0800283d   Thumb Code    52  i2c.o(i.I2C1_Init)
    I2C1_Read_Without_Register               0x08002899   Thumb Code    38  i2c.o(i.I2C1_Read_Without_Register)
    I2C1_Write_With_Register                 0x080028e1   Thumb Code    52  i2c.o(i.I2C1_Write_With_Register)
    LED_Flash                                0x08002dbd   Thumb Code    54  led_1.o(i.LED_Flash)
    LED_Init                                 0x08002df9   Thumb Code    84  led_1.o(i.LED_Init)
    LED_Write                                0x08002e55   Thumb Code    18  led_1.o(i.LED_Write)
    MPU6050_Calculate_Offset                 0x08002e6d   Thumb Code   248  mpu6050.o(i.MPU6050_Calculate_Offset)
    MPU6050_Get_Data                         0x08002f6d   Thumb Code    24  mpu6050.o(i.MPU6050_Get_Data)
    MPU6050_Get_Offset                       0x08002f89   Thumb Code    16  mpu6050.o(i.MPU6050_Get_Offset)
    MPU6050_Init                             0x08002f9d   Thumb Code    60  mpu6050.o(i.MPU6050_Init)
    MPU6050_Read_Data_Register               0x08002fdd   Thumb Code   140  mpu6050.o(i.MPU6050_Read_Data_Register)
    Motor_Set_Duty_Cycle                     0x0800306d   Thumb Code   106  motor.o(i.Motor_Set_Duty_Cycle)
    Motor_init                               0x080030e1   Thumb Code     8  motor.o(i.Motor_init)
    NRF24L01_Check_RX_Data                   0x080030e9   Thumb Code    36  nrf24l01.o(i.NRF24L01_Check_RX_Data)
    NRF24L01_Get_RX_Data                     0x08003111   Thumb Code    26  nrf24l01.o(i.NRF24L01_Get_RX_Data)
    NRF24L01_Init                            0x08003131   Thumb Code    54  nrf24l01.o(i.NRF24L01_Init)
    NRF24L01_Init_Pin                        0x08003171   Thumb Code   168  nrf24l01.o(i.NRF24L01_Init_Pin)
    NRF24L01_RX_Mode                         0x08003225   Thumb Code    68  nrf24l01.o(i.NRF24L01_RX_Mode)
    NRF24L01_Read_Register                   0x08003275   Thumb Code    52  nrf24l01.o(i.NRF24L01_Read_Register)
    NRF24L01_Receive_Data                    0x080032ad   Thumb Code    66  nrf24l01.o(i.NRF24L01_Receive_Data)
    NRF24L01_Write_Register                  0x080032f5   Thumb Code    56  nrf24l01.o(i.NRF24L01_Write_Register)
    SPI2_Init                                0x08003391   Thumb Code    80  spi.o(i.SPI2_Init)
    SPI2_Receive                             0x08003405   Thumb Code    32  spi.o(i.SPI2_Receive)
    SPI2_Transmit                            0x08003445   Thumb Code    32  spi.o(i.SPI2_Transmit)
    SPI_ISCRCErrorValid                      0x080034ad   Thumb Code     6  stm32f1xx_hal_spi_ex.o(i.SPI_ISCRCErrorValid)
    SysTick_Handler                          0x0800355d   Thumb Code    12  interrupt.o(i.SysTick_Handler)
    SystemInit                               0x08003569   Thumb Code    70  system_stm32f1xx.o(i.SystemInit)
    System_Clock_Config                      0x080035c1   Thumb Code   128  system.o(i.System_Clock_Config)
    TIMER2_Init                              0x08003659   Thumb Code   206  timer2.o(i.TIMER2_Init)
    TIMER2_Set_Duty_Cycle                    0x08003749   Thumb Code    22  timer2.o(i.TIMER2_Set_Duty_Cycle)
    TIM_Base_SetConfig                       0x08003761   Thumb Code   102  stm32f1xx_hal_tim.o(i.TIM_Base_SetConfig)
    TIM_CCxChannelCmd                        0x080037d5   Thumb Code    28  stm32f1xx_hal_tim.o(i.TIM_CCxChannelCmd)
    TIM_OC2_SetConfig                        0x08003855   Thumb Code   106  stm32f1xx_hal_tim.o(i.TIM_OC2_SetConfig)
    _Error_Handler                           0x08003981   Thumb Code     4  system.o(i._Error_Handler)
    __ARM_fpclassify                         0x08003985   Thumb Code    40  fpclassify.o(i.__ARM_fpclassify)
    __kernel_poly                            0x080039ad   Thumb Code   170  poly.o(i.__kernel_poly)
    __mathlib_dbl_divzero                    0x08003a59   Thumb Code    12  dunder.o(i.__mathlib_dbl_divzero)
    __mathlib_dbl_infnan                     0x08003a69   Thumb Code     6  dunder.o(i.__mathlib_dbl_infnan)
    __mathlib_dbl_infnan2                    0x08003a6f   Thumb Code     4  dunder.o(i.__mathlib_dbl_infnan2)
    __mathlib_dbl_invalid                    0x08003a73   Thumb Code    12  dunder.o(i.__mathlib_dbl_invalid)
    __mathlib_dbl_overflow                   0x08003a7f   Thumb Code    14  dunder.o(i.__mathlib_dbl_overflow)
    __mathlib_dbl_underflow                  0x08003a8d   Thumb Code    10  dunder.o(i.__mathlib_dbl_underflow)
    atan                                     0x08003a9d   Thumb Code   474  atan.o(i.atan)
    main                                     0x08003cbd   Thumb Code    82  main.o(i.main)
    pow                                      0x08003d11   Thumb Code  2512  pow.o(i.pow)
    sqrt                                     0x080046e9   Thumb Code    76  sqrt.o(i.sqrt)
    __aeabi_d2f                              0x08004735   Thumb Code     0  d2f.o(x$fpl$d2f)
    _d2f                                     0x08004735   Thumb Code    98  d2f.o(x$fpl$d2f)
    __aeabi_dadd                             0x08004799   Thumb Code     0  daddsub_clz.o(x$fpl$dadd)
    _dadd                                    0x08004799   Thumb Code   332  daddsub_clz.o(x$fpl$dadd)
    __fpl_dcheck_NaN1                        0x080048e9   Thumb Code    10  dcheck1.o(x$fpl$dcheck1)
    __fpl_dcmp_Inf                           0x080048f9   Thumb Code    24  dcmpi.o(x$fpl$dcmpinf)
    __aeabi_ddiv                             0x08004911   Thumb Code     0  ddiv.o(x$fpl$ddiv)
    _ddiv                                    0x08004911   Thumb Code   552  ddiv.o(x$fpl$ddiv)
    __aeabi_d2iz                             0x08004bc1   Thumb Code     0  dfix.o(x$fpl$dfix)
    _dfix                                    0x08004bc1   Thumb Code    94  dfix.o(x$fpl$dfix)
    __aeabi_i2d                              0x08004c1f   Thumb Code     0  dflt_clz.o(x$fpl$dflt)
    _dflt                                    0x08004c1f   Thumb Code    46  dflt_clz.o(x$fpl$dflt)
    __aeabi_cdcmple                          0x08004c4d   Thumb Code     0  dleqf.o(x$fpl$dleqf)
    _dcmple                                  0x08004c4d   Thumb Code   120  dleqf.o(x$fpl$dleqf)
    __fpl_dcmple_InfNaN                      0x08004caf   Thumb Code     0  dleqf.o(x$fpl$dleqf)
    __aeabi_dmul                             0x08004cc5   Thumb Code     0  dmul.o(x$fpl$dmul)
    _dmul                                    0x08004cc5   Thumb Code   332  dmul.o(x$fpl$dmul)
    __fpl_dnaninf                            0x08004e19   Thumb Code   156  dnaninf.o(x$fpl$dnaninf)
    __fpl_dretinf                            0x08004eb5   Thumb Code    12  dretinf.o(x$fpl$dretinf)
    __aeabi_cdrcmple                         0x08004ec1   Thumb Code     0  drleqf.o(x$fpl$drleqf)
    _drcmple                                 0x08004ec1   Thumb Code   108  drleqf.o(x$fpl$drleqf)
    __aeabi_drsub                            0x08004f2d   Thumb Code     0  daddsub_clz.o(x$fpl$drsb)
    _drsb                                    0x08004f2d   Thumb Code    22  daddsub_clz.o(x$fpl$drsb)
    _dsqrt                                   0x08004f45   Thumb Code   456  dsqrt_noumaal.o(x$fpl$dsqrt)
    __aeabi_dsub                             0x08005111   Thumb Code     0  daddsub_clz.o(x$fpl$dsub)
    _dsub                                    0x08005111   Thumb Code   464  daddsub_clz.o(x$fpl$dsub)
    __aeabi_f2d                              0x080052e5   Thumb Code     0  f2d.o(x$fpl$f2d)
    _f2d                                     0x080052e5   Thumb Code    86  f2d.o(x$fpl$f2d)
    __aeabi_fadd                             0x0800533d   Thumb Code     0  faddsub_clz.o(x$fpl$fadd)
    _fadd                                    0x0800533d   Thumb Code   196  faddsub_clz.o(x$fpl$fadd)
    __fpl_fcmp_Inf                           0x08005401   Thumb Code    24  fcmpi.o(x$fpl$fcmpinf)
    __aeabi_fdiv                             0x08005419   Thumb Code     0  fdiv.o(x$fpl$fdiv)
    _fdiv                                    0x08005419   Thumb Code   384  fdiv.o(x$fpl$fdiv)
    __aeabi_ui2f                             0x0800559d   Thumb Code     0  fflt_clz.o(x$fpl$ffltu)
    _ffltu                                   0x0800559d   Thumb Code    38  fflt_clz.o(x$fpl$ffltu)
    __aeabi_cfcmple                          0x080055c5   Thumb Code     0  fleqf.o(x$fpl$fleqf)
    _fcmple                                  0x080055c5   Thumb Code   104  fleqf.o(x$fpl$fleqf)
    __fpl_fcmple_InfNaN                      0x08005617   Thumb Code     0  fleqf.o(x$fpl$fleqf)
    __aeabi_fmul                             0x0800562d   Thumb Code     0  fmul.o(x$fpl$fmul)
    _fmul                                    0x0800562d   Thumb Code   258  fmul.o(x$fpl$fmul)
    __fpl_fnaninf                            0x0800572f   Thumb Code   140  fnaninf.o(x$fpl$fnaninf)
    __fpl_fretinf                            0x080057bb   Thumb Code    10  fretinf.o(x$fpl$fretinf)
    __aeabi_cfrcmple                         0x080057c5   Thumb Code     0  frleqf.o(x$fpl$frleqf)
    _frcmple                                 0x080057c5   Thumb Code    98  frleqf.o(x$fpl$frleqf)
    __aeabi_fsub                             0x08005829   Thumb Code     0  faddsub_clz.o(x$fpl$fsub)
    _fsub                                    0x08005829   Thumb Code   234  faddsub_clz.o(x$fpl$fsub)
    __fpl_return_NaN                         0x08005913   Thumb Code   100  retnan.o(x$fpl$retnan)
    __ARM_scalbn                             0x08005977   Thumb Code    92  scalbn.o(x$fpl$scalbn)
    __fpl_cmpreturn                          0x080059d3   Thumb Code    48  trapv.o(x$fpl$trapveneer)
    AHBPrescTable                            0x08005a02   Data          16  system_stm32f1xx.o(.constdata)
    __I$use$fp                               0x08005a02   Number         0  usenofp.o(x$fpl$usenofp)
    APBPrescTable                            0x08005a12   Data           8  system_stm32f1xx.o(.constdata)
    MPU6050_register_init                    0x08005a1a   Data          24  mpu6050.o(.constdata)
    TX_ADDRESS                               0x08005a32   Data           5  nrf24l01.o(.constdata)
    RX_ADDRESS                               0x08005a37   Data           5  nrf24l01.o(.constdata)
    NRF24L01_register_init                   0x08005a3c   Data          12  nrf24l01.o(.constdata)
    __mathlib_zero                           0x08005b68   Data           8  qnan.o(.constdata)
    Region$$Table$$Base                      0x08005b70   Number         0  anon$$obj.o(Region$$Table)
    Region$$Table$$Limit                     0x08005b90   Number         0  anon$$obj.o(Region$$Table)
    SystemCoreClock                          0x20000000   Data           4  system_stm32f1xx.o(.data)
    uwTick                                   0x20000004   Data           4  stm32f1xx_hal.o(.data)
    uwTickPrio                               0x20000008   Data           4  stm32f1xx_hal.o(.data)
    uwTickFreq                               0x2000000c   Data           1  stm32f1xx_hal.o(.data)
    uCRCErrorWorkaroundCheck                 0x2000000d   Data           1  stm32f1xx_hal_spi_ex.o(.data)
    pMPU6050                                 0x20000010   Data           4  mpu6050.o(.data)
    pMPU6050_offset                          0x20000014   Data           4  mpu6050.o(.data)
    accel_angle_error_x                      0x20000018   Data           4  my_math.o(.data)
    accel_angle_error_y                      0x2000001c   Data           4  my_math.o(.data)
    gyro_angle_error_x                       0x20000020   Data           4  my_math.o(.data)
    gyro_angle_error_y                       0x20000024   Data           4  my_math.o(.data)
    total_angle_roll                         0x20000028   Data           4  my_math.o(.data)
    total_angle_pitch                        0x2000002c   Data           4  my_math.o(.data)
    time_prev                                0x20000030   Data           4  my_math.o(.data)
    time_current                             0x20000034   Data           4  my_math.o(.data)
    elapsed_time                             0x20000038   Data           4  my_math.o(.data)
    hi2c1                                    0x20000044   Data          84  i2c.o(.bss)
    hspi2                                    0x20000098   Data          88  spi.o(.bss)
    htim2                                    0x200000f0   Data          64  timer2.o(.bss)
    MPU6050                                  0x20000130   Data          12  mpu6050.o(.bss)
    MPU6050_offset                           0x2000013c   Data          12  mpu6050.o(.bss)
    nrf24l01_rx_data                         0x20000148   Data          32  nrf24l01.o(.bss)
    pid_result                               0x20000168   Data          20  my_math.o(.bss)
    contorl_rx_data                          0x2000017c   Data          32  control.o(.bss)
    motor_control_input                      0x2000019c   Data          16  control.o(.bss)
    __libspace_start                         0x200001ac   Data          96  libspace.o(.bss)
    __temporary_stack_top$libspace           0x2000020c   Data           0  libspace.o(.bss)



==============================================================================

Memory Map of the image

  Image Entry point : 0x08000189

  Load Region LR_1 (Base: 0x08000000, Size: 0x00005bd4, Max: 0xffffffff, ABSOLUTE)

    Execution Region ER_RO (Exec base: 0x08000000, Load base: 0x08000000, Size: 0x00005b90, Max: 0xffffffff, ABSOLUTE)

    Exec Addr    Load Addr    Size         Type   Attr      Idx    E Section Name        Object

    0x08000000   0x08000000   0x000000ec   Data   RO            3    RESET               startup_stm32f103xb.o
    0x080000ec   0x080000ec   0x00000008   Code   RO         3723  * !!!main             c_w.l(__main.o)
    0x080000f4   0x080000f4   0x00000034   Code   RO         4009    !!!scatter          c_w.l(__scatter.o)
    0x08000128   0x08000128   0x0000001a   Code   RO         4011    !!handler_copy      c_w.l(__scatter_copy.o)
    0x08000142   0x08000142   0x00000002   PAD
    0x08000144   0x08000144   0x0000001c   Code   RO         4013    !!handler_zi        c_w.l(__scatter_zi.o)
    0x08000160   0x08000160   0x00000002   Code   RO         3878    .ARM.Collect$$libinit$$00000000  c_w.l(libinit.o)
    0x08000162   0x08000162   0x00000000   Code   RO         3884    .ARM.Collect$$libinit$$00000002  c_w.l(libinit2.o)
    0x08000162   0x08000162   0x00000000   Code   RO         3886    .ARM.Collect$$libinit$$00000004  c_w.l(libinit2.o)
    0x08000162   0x08000162   0x00000000   Code   RO         3889    .ARM.Collect$$libinit$$0000000A  c_w.l(libinit2.o)
    0x08000162   0x08000162   0x00000000   Code   RO         3891    .ARM.Collect$$libinit$$0000000C  c_w.l(libinit2.o)
    0x08000162   0x08000162   0x00000000   Code   RO         3893    .ARM.Collect$$libinit$$0000000E  c_w.l(libinit2.o)
    0x08000162   0x08000162   0x00000000   Code   RO         3896    .ARM.Collect$$libinit$$00000011  c_w.l(libinit2.o)
    0x08000162   0x08000162   0x00000000   Code   RO         3898    .ARM.Collect$$libinit$$00000013  c_w.l(libinit2.o)
    0x08000162   0x08000162   0x00000000   Code   RO         3900    .ARM.Collect$$libinit$$00000015  c_w.l(libinit2.o)
    0x08000162   0x08000162   0x00000000   Code   RO         3902    .ARM.Collect$$libinit$$00000017  c_w.l(libinit2.o)
    0x08000162   0x08000162   0x00000000   Code   RO         3904    .ARM.Collect$$libinit$$00000019  c_w.l(libinit2.o)
    0x08000162   0x08000162   0x00000000   Code   RO         3906    .ARM.Collect$$libinit$$0000001B  c_w.l(libinit2.o)
    0x08000162   0x08000162   0x00000000   Code   RO         3908    .ARM.Collect$$libinit$$0000001D  c_w.l(libinit2.o)
    0x08000162   0x08000162   0x00000000   Code   RO         3910    .ARM.Collect$$libinit$$0000001F  c_w.l(libinit2.o)
    0x08000162   0x08000162   0x00000000   Code   RO         3912    .ARM.Collect$$libinit$$00000021  c_w.l(libinit2.o)
    0x08000162   0x08000162   0x00000000   Code   RO         3914    .ARM.Collect$$libinit$$00000023  c_w.l(libinit2.o)
    0x08000162   0x08000162   0x00000000   Code   RO         3916    .ARM.Collect$$libinit$$00000025  c_w.l(libinit2.o)
    0x08000162   0x08000162   0x00000000   Code   RO         3920    .ARM.Collect$$libinit$$0000002C  c_w.l(libinit2.o)
    0x08000162   0x08000162   0x00000000   Code   RO         3922    .ARM.Collect$$libinit$$0000002E  c_w.l(libinit2.o)
    0x08000162   0x08000162   0x00000000   Code   RO         3924    .ARM.Collect$$libinit$$00000030  c_w.l(libinit2.o)
    0x08000162   0x08000162   0x00000000   Code   RO         3926    .ARM.Collect$$libinit$$00000032  c_w.l(libinit2.o)
    0x08000162   0x08000162   0x00000002   Code   RO         3927    .ARM.Collect$$libinit$$00000033  c_w.l(libinit2.o)
    0x08000164   0x08000164   0x00000002   Code   RO         3949    .ARM.Collect$$libshutdown$$00000000  c_w.l(libshutdown.o)
    0x08000166   0x08000166   0x00000000   Code   RO         3962    .ARM.Collect$$libshutdown$$00000002  c_w.l(libshutdown2.o)
    0x08000166   0x08000166   0x00000000   Code   RO         3964    .ARM.Collect$$libshutdown$$00000004  c_w.l(libshutdown2.o)
    0x08000166   0x08000166   0x00000000   Code   RO         3967    .ARM.Collect$$libshutdown$$00000007  c_w.l(libshutdown2.o)
    0x08000166   0x08000166   0x00000000   Code   RO         3970    .ARM.Collect$$libshutdown$$0000000A  c_w.l(libshutdown2.o)
    0x08000166   0x08000166   0x00000000   Code   RO         3972    .ARM.Collect$$libshutdown$$0000000C  c_w.l(libshutdown2.o)
    0x08000166   0x08000166   0x00000000   Code   RO         3975    .ARM.Collect$$libshutdown$$0000000F  c_w.l(libshutdown2.o)
    0x08000166   0x08000166   0x00000002   Code   RO         3976    .ARM.Collect$$libshutdown$$00000010  c_w.l(libshutdown2.o)
    0x08000168   0x08000168   0x00000000   Code   RO         3801    .ARM.Collect$$rtentry$$00000000  c_w.l(__rtentry.o)
    0x08000168   0x08000168   0x00000000   Code   RO         3843    .ARM.Collect$$rtentry$$00000002  c_w.l(__rtentry2.o)
    0x08000168   0x08000168   0x00000006   Code   RO         3855    .ARM.Collect$$rtentry$$00000004  c_w.l(__rtentry4.o)
    0x0800016e   0x0800016e   0x00000000   Code   RO         3845    .ARM.Collect$$rtentry$$00000009  c_w.l(__rtentry2.o)
    0x0800016e   0x0800016e   0x00000004   Code   RO         3846    .ARM.Collect$$rtentry$$0000000A  c_w.l(__rtentry2.o)
    0x08000172   0x08000172   0x00000000   Code   RO         3848    .ARM.Collect$$rtentry$$0000000C  c_w.l(__rtentry2.o)
    0x08000172   0x08000172   0x00000008   Code   RO         3849    .ARM.Collect$$rtentry$$0000000D  c_w.l(__rtentry2.o)
    0x0800017a   0x0800017a   0x00000002   Code   RO         3881    .ARM.Collect$$rtexit$$00000000  c_w.l(rtexit.o)
    0x0800017c   0x0800017c   0x00000000   Code   RO         3931    .ARM.Collect$$rtexit$$00000002  c_w.l(rtexit2.o)
    0x0800017c   0x0800017c   0x00000004   Code   RO         3932    .ARM.Collect$$rtexit$$00000003  c_w.l(rtexit2.o)
    0x08000180   0x08000180   0x00000006   Code   RO         3933    .ARM.Collect$$rtexit$$00000004  c_w.l(rtexit2.o)
    0x08000186   0x08000186   0x00000002   PAD
    0x08000188   0x08000188   0x00000040   Code   RO            4  * .text               startup_stm32f103xb.o
    0x080001c8   0x080001c8   0x0000008a   Code   RO         3713    .text               c_w.l(rt_memcpy_v6.o)
    0x08000252   0x08000252   0x00000064   Code   RO         3715    .text               c_w.l(rt_memcpy_w.o)
    0x080002b6   0x080002b6   0x00000044   Code   RO         3717    .text               c_w.l(rt_memclr.o)
    0x080002fa   0x080002fa   0x0000004e   Code   RO         3719    .text               c_w.l(rt_memclr_w.o)
    0x08000348   0x08000348   0x00000006   Code   RO         3721    .text               c_w.l(heapauxi.o)
    0x0800034e   0x0800034e   0x00000016   Code   RO         3802    .text               c_w.l(_rserrno.o)
    0x08000364   0x08000364   0x00000008   Code   RO         3860    .text               c_w.l(rt_errno_addr_intlibspace.o)
    0x0800036c   0x0800036c   0x00000008   Code   RO         3866    .text               c_w.l(libspace.o)
    0x08000374   0x08000374   0x0000004a   Code   RO         3869    .text               c_w.l(sys_stackheap_outer.o)
    0x080003be   0x080003be   0x00000012   Code   RO         3871    .text               c_w.l(exit.o)
    0x080003d0   0x080003d0   0x0000000c   Code   RO         3941    .text               c_w.l(sys_exit.o)
    0x080003dc   0x080003dc   0x00000002   Code   RO         3952    .text               c_w.l(use_no_semi.o)
    0x080003de   0x080003de   0x00000000   Code   RO         3954    .text               c_w.l(indicate_semi.o)
    0x080003de   0x080003de   0x00000002   PAD
    0x080003e0   0x080003e0   0x00000308   Code   RO         3508    i.Calculate_Angle   my_math.o
    0x080006e8   0x080006e8   0x00000044   Code   RO         3509    i.Calculate_Elapsed_Time  my_math.o
    0x0800072c   0x0800072c   0x000001b4   Code   RO         3510    i.Calculate_Error_Angle  my_math.o
    0x080008e0   0x080008e0   0x0000014c   Code   RO         3511    i.Calculate_PID     my_math.o
    0x08000a2c   0x08000a2c   0x00000174   Code   RO         3683    i.Control           control.o
    0x08000ba0   0x08000ba0   0x0000001c   Code   RO         3643    i.Delay_ms          system.o
    0x08000bbc   0x08000bbc   0x00000014   Code   RO         3512    i.Get_PID_Result    my_math.o
    0x08000bd0   0x08000bd0   0x0000031c   Code   RO          410    i.HAL_GPIO_Init     stm32f1xx_hal_gpio.o
    0x08000eec   0x08000eec   0x00000008   Code   RO          413    i.HAL_GPIO_TogglePin  stm32f1xx_hal_gpio.o
    0x08000ef4   0x08000ef4   0x0000000c   Code   RO          414    i.HAL_GPIO_WritePin  stm32f1xx_hal_gpio.o
    0x08000f00   0x08000f00   0x0000000c   Code   RO          149    i.HAL_GetTick       stm32f1xx_hal.o
    0x08000f0c   0x08000f0c   0x0000017c   Code   RO          528    i.HAL_I2C_Init      stm32f1xx_hal_i2c.o
    0x08001088   0x08001088   0x0000033c   Code   RO          534    i.HAL_I2C_Master_Receive  stm32f1xx_hal_i2c.o
    0x080013c4   0x080013c4   0x00000188   Code   RO          547    i.HAL_I2C_Mem_Write  stm32f1xx_hal_i2c.o
    0x0800154c   0x0800154c   0x0000006c   Code   RO         3117    i.HAL_I2C_MspInit   i2c.o
    0x080015b8   0x080015b8   0x00000018   Code   RO          153    i.HAL_IncTick       stm32f1xx_hal.o
    0x080015d0   0x080015d0   0x0000004c   Code   RO          155    i.HAL_InitTick      stm32f1xx_hal.o
    0x0800161c   0x0800161c   0x0000007c   Code   RO         2999    i.HAL_NVIC_SetPriority  stm32f1xx_hal_cortex.o
    0x08001698   0x08001698   0x000001d0   Code   RO          955    i.HAL_RCC_ClockConfig  stm32f1xx_hal_rcc.o
    0x08001868   0x08001868   0x0000000c   Code   RO          960    i.HAL_RCC_GetHCLKFreq  stm32f1xx_hal_rcc.o
    0x08001874   0x08001874   0x00000020   Code   RO          962    i.HAL_RCC_GetPCLK1Freq  stm32f1xx_hal_rcc.o
    0x08001894   0x08001894   0x00000094   Code   RO          964    i.HAL_RCC_GetSysClockFreq  stm32f1xx_hal_rcc.o
    0x08001928   0x08001928   0x00000440   Code   RO          967    i.HAL_RCC_OscConfig  stm32f1xx_hal_rcc.o
    0x08001d68   0x08001d68   0x00000094   Code   RO         1737    i.HAL_SPI_Init      stm32f1xx_hal_spi_ex.o
    0x08001dfc   0x08001dfc   0x00000064   Code   RO         3172    i.HAL_SPI_MspInit   spi.o
    0x08001e60   0x08001e60   0x0000024a   Code   RO         1404    i.HAL_SPI_Receive   stm32f1xx_hal_spi.o
    0x080020aa   0x080020aa   0x000001e0   Code   RO         1409    i.HAL_SPI_Transmit  stm32f1xx_hal_spi.o
    0x0800228a   0x0800228a   0x000002f4   Code   RO         1410    i.HAL_SPI_TransmitReceive  stm32f1xx_hal_spi.o
    0x0800257e   0x0800257e   0x00000028   Code   RO         3002    i.HAL_SYSTICK_CLKSourceConfig  stm32f1xx_hal_cortex.o
    0x080025a6   0x080025a6   0x00000002   Code   RO         3003    i.HAL_SYSTICK_Callback  stm32f1xx_hal_cortex.o
    0x080025a8   0x080025a8   0x00000034   Code   RO         3004    i.HAL_SYSTICK_Config  stm32f1xx_hal_cortex.o
    0x080025dc   0x080025dc   0x00000008   Code   RO         3005    i.HAL_SYSTICK_IRQHandler  stm32f1xx_hal_cortex.o
    0x080025e4   0x080025e4   0x00000062   Code   RO         2436    i.HAL_TIMEx_MasterConfigSynchronization  stm32f1xx_hal_tim_ex.o
    0x08002646   0x08002646   0x00000002   PAD
    0x08002648   0x08002648   0x00000048   Code   RO         3224    i.HAL_TIM_MspPostInit  timer2.o
    0x08002690   0x08002690   0x00000108   Code   RO         1842    i.HAL_TIM_PWM_ConfigChannel  stm32f1xx_hal_tim.o
    0x08002798   0x08002798   0x00000034   Code   RO         1845    i.HAL_TIM_PWM_Init  stm32f1xx_hal_tim.o
    0x080027cc   0x080027cc   0x0000002c   Code   RO         3225    i.HAL_TIM_PWM_MspInit  timer2.o
    0x080027f8   0x080027f8   0x00000040   Code   RO         1849    i.HAL_TIM_PWM_Start  stm32f1xx_hal_tim.o
    0x08002838   0x08002838   0x00000004   Code   RO         3572    i.HardFault_Handler  interrupt.o
    0x0800283c   0x0800283c   0x0000005c   Code   RO         3118    i.I2C1_Init         i2c.o
    0x08002898   0x08002898   0x00000048   Code   RO         3119    i.I2C1_Read_Without_Register  i2c.o
    0x080028e0   0x080028e0   0x00000054   Code   RO         3120    i.I2C1_Write_With_Register  i2c.o
    0x08002934   0x08002934   0x00000034   Code   RO          566    i.I2C_IsAcknowledgeFailed  stm32f1xx_hal_i2c.o
    0x08002968   0x08002968   0x00000130   Code   RO          569    i.I2C_MasterRequestRead  stm32f1xx_hal_i2c.o
    0x08002a98   0x08002a98   0x000000e0   Code   RO          577    i.I2C_RequestMemoryWrite  stm32f1xx_hal_i2c.o
    0x08002b78   0x08002b78   0x00000056   Code   RO          585    i.I2C_WaitOnBTFFlagUntilTimeout  stm32f1xx_hal_i2c.o
    0x08002bce   0x08002bce   0x0000007c   Code   RO          586    i.I2C_WaitOnFlagUntilTimeout  stm32f1xx_hal_i2c.o
    0x08002c4a   0x08002c4a   0x000000ac   Code   RO          587    i.I2C_WaitOnMasterAddressFlagUntilTimeout  stm32f1xx_hal_i2c.o
    0x08002cf6   0x08002cf6   0x0000006e   Code   RO          588    i.I2C_WaitOnRXNEFlagUntilTimeout  stm32f1xx_hal_i2c.o
    0x08002d64   0x08002d64   0x00000056   Code   RO          590    i.I2C_WaitOnTXEFlagUntilTimeout  stm32f1xx_hal_i2c.o
    0x08002dba   0x08002dba   0x00000002   PAD
    0x08002dbc   0x08002dbc   0x0000003c   Code   RO         3276    i.LED_Flash         led_1.o
    0x08002df8   0x08002df8   0x0000005c   Code   RO         3277    i.LED_Init          led_1.o
    0x08002e54   0x08002e54   0x00000018   Code   RO         3279    i.LED_Write         led_1.o
    0x08002e6c   0x08002e6c   0x00000100   Code   RO         3325    i.MPU6050_Calculate_Offset  mpu6050.o
    0x08002f6c   0x08002f6c   0x0000001c   Code   RO         3326    i.MPU6050_Get_Data  mpu6050.o
    0x08002f88   0x08002f88   0x00000014   Code   RO         3327    i.MPU6050_Get_Offset  mpu6050.o
    0x08002f9c   0x08002f9c   0x00000040   Code   RO         3328    i.MPU6050_Init      mpu6050.o
    0x08002fdc   0x08002fdc   0x00000090   Code   RO         3329    i.MPU6050_Read_Data_Register  mpu6050.o
    0x0800306c   0x0800306c   0x00000074   Code   RO         3471    i.Motor_Set_Duty_Cycle  motor.o
    0x080030e0   0x080030e0   0x00000008   Code   RO         3472    i.Motor_init        motor.o
    0x080030e8   0x080030e8   0x00000028   Code   RO         3389    i.NRF24L01_Check_RX_Data  nrf24l01.o
    0x08003110   0x08003110   0x00000020   Code   RO         3390    i.NRF24L01_Get_RX_Data  nrf24l01.o
    0x08003130   0x08003130   0x00000040   Code   RO         3391    i.NRF24L01_Init     nrf24l01.o
    0x08003170   0x08003170   0x000000b4   Code   RO         3392    i.NRF24L01_Init_Pin  nrf24l01.o
    0x08003224   0x08003224   0x00000050   Code   RO         3393    i.NRF24L01_RX_Mode  nrf24l01.o
    0x08003274   0x08003274   0x00000038   Code   RO         3394    i.NRF24L01_Read_Register  nrf24l01.o
    0x080032ac   0x080032ac   0x00000048   Code   RO         3395    i.NRF24L01_Receive_Data  nrf24l01.o
    0x080032f4   0x080032f4   0x0000003c   Code   RO         3396    i.NRF24L01_Write_Register  nrf24l01.o
    0x08003330   0x08003330   0x00000010   Code   RO         3006    i.NVIC_GetPriorityGrouping  stm32f1xx_hal_cortex.o
    0x08003340   0x08003340   0x00000028   Code   RO         3007    i.NVIC_SetPriority  stm32f1xx_hal_cortex.o
    0x08003368   0x08003368   0x00000028   Code   RO          968    i.RCC_Delay         stm32f1xx_hal_rcc.o
    0x08003390   0x08003390   0x00000074   Code   RO         3173    i.SPI2_Init         spi.o
    0x08003404   0x08003404   0x00000040   Code   RO         3174    i.SPI2_Receive      spi.o
    0x08003444   0x08003444   0x00000040   Code   RO         3175    i.SPI2_Transmit     spi.o
    0x08003484   0x08003484   0x00000028   Code   RO         1427    i.SPI_CheckFlag_BSY  stm32f1xx_hal_spi.o
    0x080034ac   0x080034ac   0x00000006   Code   RO         1738    i.SPI_ISCRCErrorValid  stm32f1xx_hal_spi_ex.o
    0x080034b2   0x080034b2   0x000000aa   Code   RO         1448    i.SPI_WaitFlagStateUntilTimeout  stm32f1xx_hal_spi.o
    0x0800355c   0x0800355c   0x0000000c   Code   RO         3573    i.SysTick_Handler   interrupt.o
    0x08003568   0x08003568   0x00000058   Code   RO           14    i.SystemInit        system_stm32f1xx.o
    0x080035c0   0x080035c0   0x00000098   Code   RO         3644    i.System_Clock_Config  system.o
    0x08003658   0x08003658   0x000000f0   Code   RO         3226    i.TIMER2_Init       timer2.o
    0x08003748   0x08003748   0x00000016   Code   RO         3227    i.TIMER2_Set_Duty_Cycle  timer2.o
    0x0800375e   0x0800375e   0x00000002   PAD
    0x08003760   0x08003760   0x00000074   Code   RO         1860    i.TIM_Base_SetConfig  stm32f1xx_hal_tim.o
    0x080037d4   0x080037d4   0x0000001c   Code   RO         1861    i.TIM_CCxChannelCmd  stm32f1xx_hal_tim.o
    0x080037f0   0x080037f0   0x00000064   Code   RO         1869    i.TIM_OC1_SetConfig  stm32f1xx_hal_tim.o
    0x08003854   0x08003854   0x00000070   Code   RO         1870    i.TIM_OC2_SetConfig  stm32f1xx_hal_tim.o
    0x080038c4   0x080038c4   0x0000006c   Code   RO         1871    i.TIM_OC3_SetConfig  stm32f1xx_hal_tim.o
    0x08003930   0x08003930   0x00000050   Code   RO         1872    i.TIM_OC4_SetConfig  stm32f1xx_hal_tim.o
    0x08003980   0x08003980   0x00000004   Code   RO         3645    i._Error_Handler    system.o
    0x08003984   0x08003984   0x00000028   Code   RO         3837    i.__ARM_fpclassify  m_ws.l(fpclassify.o)
    0x080039ac   0x080039ac   0x000000aa   Code   RO         3839    i.__kernel_poly     m_ws.l(poly.o)
    0x08003a56   0x08003a56   0x00000002   PAD
    0x08003a58   0x08003a58   0x00000010   Code   RO         3823    i.__mathlib_dbl_divzero  m_ws.l(dunder.o)
    0x08003a68   0x08003a68   0x00000006   Code   RO         3824    i.__mathlib_dbl_infnan  m_ws.l(dunder.o)
    0x08003a6e   0x08003a6e   0x00000004   Code   RO         3825    i.__mathlib_dbl_infnan2  m_ws.l(dunder.o)
    0x08003a72   0x08003a72   0x0000000c   Code   RO         3826    i.__mathlib_dbl_invalid  m_ws.l(dunder.o)
    0x08003a7e   0x08003a7e   0x0000000e   Code   RO         3827    i.__mathlib_dbl_overflow  m_ws.l(dunder.o)
    0x08003a8c   0x08003a8c   0x00000010   Code   RO         3829    i.__mathlib_dbl_underflow  m_ws.l(dunder.o)
    0x08003a9c   0x08003a9c   0x00000220   Code   RO         3774    i.atan              m_ws.l(atan.o)
    0x08003cbc   0x08003cbc   0x00000052   Code   RO         3612    i.main              main.o
    0x08003d0e   0x08003d0e   0x00000002   PAD
    0x08003d10   0x08003d10   0x000009d8   Code   RO         3784    i.pow               m_ws.l(pow.o)
    0x080046e8   0x080046e8   0x0000004c   Code   RO         3794    i.sqrt              m_ws.l(sqrt.o)
    0x08004734   0x08004734   0x00000062   Code   RO         3725    x$fpl$d2f           fz_ws.l(d2f.o)
    0x08004796   0x08004796   0x00000002   PAD
    0x08004798   0x08004798   0x00000150   Code   RO         3727    x$fpl$dadd          fz_ws.l(daddsub_clz.o)
    0x080048e8   0x080048e8   0x00000010   Code   RO         3862    x$fpl$dcheck1       fz_ws.l(dcheck1.o)
    0x080048f8   0x080048f8   0x00000018   Code   RO         3864    x$fpl$dcmpinf       fz_ws.l(dcmpi.o)
    0x08004910   0x08004910   0x000002b0   Code   RO         3734    x$fpl$ddiv          fz_ws.l(ddiv.o)
    0x08004bc0   0x08004bc0   0x0000005e   Code   RO         3737    x$fpl$dfix          fz_ws.l(dfix.o)
    0x08004c1e   0x08004c1e   0x0000002e   Code   RO         3742    x$fpl$dflt          fz_ws.l(dflt_clz.o)
    0x08004c4c   0x08004c4c   0x00000078   Code   RO         3804    x$fpl$dleqf         fz_ws.l(dleqf.o)
    0x08004cc4   0x08004cc4   0x00000154   Code   RO         3747    x$fpl$dmul          fz_ws.l(dmul.o)
    0x08004e18   0x08004e18   0x0000009c   Code   RO         3806    x$fpl$dnaninf       fz_ws.l(dnaninf.o)
    0x08004eb4   0x08004eb4   0x0000000c   Code   RO         3808    x$fpl$dretinf       fz_ws.l(dretinf.o)
    0x08004ec0   0x08004ec0   0x0000006c   Code   RO         3810    x$fpl$drleqf        fz_ws.l(drleqf.o)
    0x08004f2c   0x08004f2c   0x00000016   Code   RO         3728    x$fpl$drsb          fz_ws.l(daddsub_clz.o)
    0x08004f42   0x08004f42   0x00000002   PAD
    0x08004f44   0x08004f44   0x000001cc   Code   RO         3812    x$fpl$dsqrt         fz_ws.l(dsqrt_noumaal.o)
    0x08005110   0x08005110   0x000001d4   Code   RO         3729    x$fpl$dsub          fz_ws.l(daddsub_clz.o)
    0x080052e4   0x080052e4   0x00000056   Code   RO         3749    x$fpl$f2d           fz_ws.l(f2d.o)
    0x0800533a   0x0800533a   0x00000002   PAD
    0x0800533c   0x0800533c   0x000000c4   Code   RO         3751    x$fpl$fadd          fz_ws.l(faddsub_clz.o)
    0x08005400   0x08005400   0x00000018   Code   RO         3814    x$fpl$fcmpinf       fz_ws.l(fcmpi.o)
    0x08005418   0x08005418   0x00000184   Code   RO         3758    x$fpl$fdiv          fz_ws.l(fdiv.o)
    0x0800559c   0x0800559c   0x00000026   Code   RO         3761    x$fpl$ffltu         fz_ws.l(fflt_clz.o)
    0x080055c2   0x080055c2   0x00000002   PAD
    0x080055c4   0x080055c4   0x00000068   Code   RO         3767    x$fpl$fleqf         fz_ws.l(fleqf.o)
    0x0800562c   0x0800562c   0x00000102   Code   RO         3769    x$fpl$fmul          fz_ws.l(fmul.o)
    0x0800572e   0x0800572e   0x0000008c   Code   RO         3816    x$fpl$fnaninf       fz_ws.l(fnaninf.o)
    0x080057ba   0x080057ba   0x0000000a   Code   RO         3818    x$fpl$fretinf       fz_ws.l(fretinf.o)
    0x080057c4   0x080057c4   0x00000062   Code   RO         3771    x$fpl$frleqf        fz_ws.l(frleqf.o)
    0x08005826   0x08005826   0x00000002   PAD
    0x08005828   0x08005828   0x000000ea   Code   RO         3753    x$fpl$fsub          fz_ws.l(faddsub_clz.o)
    0x08005912   0x08005912   0x00000064   Code   RO         3879    x$fpl$retnan        fz_ws.l(retnan.o)
    0x08005976   0x08005976   0x0000005c   Code   RO         3820    x$fpl$scalbn        fz_ws.l(scalbn.o)
    0x080059d2   0x080059d2   0x00000030   Code   RO         3928    x$fpl$trapveneer    fz_ws.l(trapv.o)
    0x08005a02   0x08005a02   0x00000000   Code   RO         3822    x$fpl$usenofp       fz_ws.l(usenofp.o)
    0x08005a02   0x08005a02   0x00000018   Data   RO           15    .constdata          system_stm32f1xx.o
    0x08005a1a   0x08005a1a   0x00000018   Data   RO         3331    .constdata          mpu6050.o
    0x08005a32   0x08005a32   0x00000016   Data   RO         3398    .constdata          nrf24l01.o
    0x08005a48   0x08005a48   0x00000098   Data   RO         3775    .constdata          m_ws.l(atan.o)
    0x08005ae0   0x08005ae0   0x00000088   Data   RO         3785    .constdata          m_ws.l(pow.o)
    0x08005b68   0x08005b68   0x00000008   Data   RO         3841    .constdata          m_ws.l(qnan.o)
    0x08005b70   0x08005b70   0x00000020   Data   RO         4007    Region$$Table       anon$$obj.o


    Execution Region ER_RW (Exec base: 0x20000000, Load base: 0x08005b90, Size: 0x00000044, Max: 0xffffffff, ABSOLUTE)

    Exec Addr    Load Addr    Size         Type   Attr      Idx    E Section Name        Object

    0x20000000   0x08005b90   0x00000004   Data   RW           16    .data               system_stm32f1xx.o
    0x20000004   0x08005b94   0x00000009   Data   RW          161    .data               stm32f1xx_hal.o
    0x2000000d   0x08005b9d   0x00000001   Data   RW         1739    .data               stm32f1xx_hal_spi_ex.o
    0x2000000e   0x08005b9e   0x00000002   PAD
    0x20000010   0x08005ba0   0x00000008   Data   RW         3332    .data               mpu6050.o
    0x20000018   0x08005ba8   0x0000002c   Data   RW         3515    .data               my_math.o


    Execution Region ER_ZI (Exec base: 0x20000044, Load base: 0x08005bd4, Size: 0x000007cc, Max: 0xffffffff, ABSOLUTE)

    Exec Addr    Load Addr    Size         Type   Attr      Idx    E Section Name        Object

    0x20000044        -       0x00000054   Zero   RW         3121    .bss                i2c.o
    0x20000098        -       0x00000058   Zero   RW         3176    .bss                spi.o
    0x200000f0        -       0x00000040   Zero   RW         3228    .bss                timer2.o
    0x20000130        -       0x00000018   Zero   RW         3330    .bss                mpu6050.o
    0x20000148        -       0x00000020   Zero   RW         3397    .bss                nrf24l01.o
    0x20000168        -       0x00000014   Zero   RW         3513    .bss                my_math.o
    0x2000017c        -       0x00000030   Zero   RW         3684    .bss                control.o
    0x200001ac        -       0x00000060   Zero   RW         3867    .bss                c_w.l(libspace.o)
    0x2000020c   0x08005bd4   0x00000004   PAD
    0x20000210        -       0x00000200   Zero   RW            2    HEAP                startup_stm32f103xb.o
    0x20000410        -       0x00000400   Zero   RW            1    STACK               startup_stm32f103xb.o


==============================================================================

Image component sizes


      Code (inc. data)   RO Data    RW Data    ZI Data      Debug   Object Name

       372         14          0          0         48       1404   control.o
       356        120          0          0         84       3054   i2c.o
        16          0          0          0          0        830   interrupt.o
       176         20          0          0          0       2087   led_1.o
        82          0          0          0          0        471   main.o
       124         10          0          0          0       1092   motor.o
       512         24         24          8         24       5003   mpu6050.o
      1632        156          0         44         20       5004   my_math.o
       584         58         22          0         32       6470   nrf24l01.o
       344        112          0          0         88       2785   spi.o
        64         26        236          0       1536        848   startup_stm32f103xb.o
       112         26          0          9          0       4510   stm32f1xx_hal.o
       282         14          0          0          0      26025   stm32f1xx_hal_cortex.o
       816         32          0          0          0       3101   stm32f1xx_hal_gpio.o
      2758         52          0          0          0      10388   stm32f1xx_hal_i2c.o
      1784         98          0          0          0       5085   stm32f1xx_hal_rcc.o
      2032          0          0          0          0       5899   stm32f1xx_hal_spi.o
       154          4          0          1          0       1820   stm32f1xx_hal_spi_ex.o
       924         38          0          0          0       6276   stm32f1xx_hal_tim.o
        98          0          0          0          0       1132   stm32f1xx_hal_tim_ex.o
       184         24          0          0          0       1538   system.o
        88         18         24          4          0     435547   system_stm32f1xx.o
       378         46          0          0         64       2850   timer2.o

    ----------------------------------------------------------------------
     13880        892        338         68       1896     533219   Object Totals
         0          0         32          0          0          0   (incl. Generated)
         8          0          0          2          0          0   (incl. Padding)

    ----------------------------------------------------------------------

      Code (inc. data)   RO Data    RW Data    ZI Data      Debug   Library Member Name

         8          0          0          0          0         68   __main.o
         0          0          0          0          0          0   __rtentry.o
        12          0          0          0          0          0   __rtentry2.o
         6          0          0          0          0          0   __rtentry4.o
        52          8          0          0          0          0   __scatter.o
        26          0          0          0          0          0   __scatter_copy.o
        28          0          0          0          0          0   __scatter_zi.o
        22          0          0          0          0        100   _rserrno.o
        18          0          0          0          0         80   exit.o
         6          0          0          0          0        152   heapauxi.o
         0          0          0          0          0          0   indicate_semi.o
         2          0          0          0          0          0   libinit.o
         2          0          0          0          0          0   libinit2.o
         2          0          0          0          0          0   libshutdown.o
         2          0          0          0          0          0   libshutdown2.o
         8          4          0          0         96         68   libspace.o
         8          4          0          0          0         68   rt_errno_addr_intlibspace.o
        68          0          0          0          0         68   rt_memclr.o
        78          0          0          0          0         80   rt_memclr_w.o
       138          0          0          0          0         68   rt_memcpy_v6.o
       100          0          0          0          0         80   rt_memcpy_w.o
         2          0          0          0          0          0   rtexit.o
        10          0          0          0          0          0   rtexit2.o
        12          4          0          0          0         68   sys_exit.o
        74          0          0          0          0         80   sys_stackheap_outer.o
         2          0          0          0          0         68   use_no_semi.o
        98          4          0          0          0         92   d2f.o
       826         16          0          0          0        348   daddsub_clz.o
        16          4          0          0          0         68   dcheck1.o
        24          0          0          0          0         68   dcmpi.o
       688        140          0          0          0        208   ddiv.o
        94          4          0          0          0         92   dfix.o
        46          0          0          0          0         68   dflt_clz.o
       120          4          0          0          0         92   dleqf.o
       340         12          0          0          0        104   dmul.o
       156          4          0          0          0         92   dnaninf.o
        12          0          0          0          0         68   dretinf.o
       108          0          0          0          0         80   drleqf.o
       460         56          0          0          0        120   dsqrt_noumaal.o
        86          4          0          0          0         84   f2d.o
       430          8          0          0          0        168   faddsub_clz.o
        24          0          0          0          0         68   fcmpi.o
       388         76          0          0          0         96   fdiv.o
        38          0          0          0          0         68   fflt_clz.o
       104          4          0          0          0         84   fleqf.o
       258          4          0          0          0         84   fmul.o
       140          4          0          0          0         84   fnaninf.o
        10          0          0          0          0         68   fretinf.o
        98          0          0          0          0         68   frleqf.o
       100          0          0          0          0         68   retnan.o
        92          0          0          0          0         68   scalbn.o
        48          0          0          0          0         68   trapv.o
         0          0          0          0          0          0   usenofp.o
       544         70        152          0          0        124   atan.o
        68         10          0          0          0        408   dunder.o
        40          0          0          0          0         68   fpclassify.o
       170          0          0          0          0         96   poly.o
      2520        190        136          0          0        324   pow.o
         0          0          8          0          0          0   qnan.o
        76          0          0          0          0         84   sqrt.o

    ----------------------------------------------------------------------
      8926        634        296          0        100       4728   Library Totals
        18          0          0          0          4          0   (incl. Padding)

    ----------------------------------------------------------------------

      Code (inc. data)   RO Data    RW Data    ZI Data      Debug   Library Name

       686         20          0          0         96       1048   c_w.l
      4804        344          0          0          0       2576   fz_ws.l
      3418        270        296          0          0       1104   m_ws.l

    ----------------------------------------------------------------------
      8926        634        296          0        100       4728   Library Totals

    ----------------------------------------------------------------------

==============================================================================


      Code (inc. data)   RO Data    RW Data    ZI Data      Debug   

     22806       1526        634         68       1996     530975   Grand Totals
     22806       1526        634         68       1996     530975   ELF Image Totals
     22806       1526        634         68          0          0   ROM Totals

==============================================================================

    Total RO  Size (Code + RO Data)                23440 (  22.89kB)
    Total RW  Size (RW Data + ZI Data)              2064 (   2.02kB)
    Total ROM Size (Code + RO Data + RW Data)      23508 (  22.96kB)

==============================================================================

